Component: Arm Compiler for Embedded 6.22 Tool: armlink [5ee90200]

==============================================================================

Section Cross References

    empty.o(.text.main) refers to ti_msp_dl_config.o(.text.SYSCFG_DL_init) for SYSCFG_DL_init
    empty.o(.text.main) refers to empty.o(.text.DL_Timer_startCounter) for DL_Timer_startCounter
    empty.o(.text.main) refers to empty.o(.text.__NVIC_EnableIRQ) for __NVIC_EnableIRQ
    empty.o(.text.main) refers to pid.o(.text.PID_Init) for PID_Init
    empty.o(.text.main) refers to gpio.o(.text.Mode_select) for Mode_select
    empty.o(.text.main) refers to task.o(.text.Task_1) for Task_1
    empty.o(.text.main) refers to task.o(.text.Beep_And_Led_Delay) for Beep_And_Led_Delay
    empty.o(.text.main) refers to task.o(.text.Task_2) for Task_2
    empty.o(.text.main) refers to task.o(.text.Task_3) for Task_3
    empty.o(.text.main) refers to task.o(.text.Task_4) for Task_4
    empty.o(.text.main) refers to dl_common.o(.text.DL_Common_delayCycles) for DL_Common_delayCycles
    empty.o(.text.main) refers to empty.o(.data.KP) for KP
    empty.o(.text.main) refers to empty.o(.data.KI) for KI
    empty.o(.text.main) refers to empty.o(.data.KD) for KD
    empty.o(.text.main) refers to task.o(.bss.Last_Robot_Motion) for Last_Robot_Motion
    empty.o(.text.main) refers to empty.o(.data.times) for times
    empty.o(.ARM.exidx.text.main) refers to empty.o(.text.main) for [Anonymous Symbol]
    empty.o(.ARM.exidx.text.DL_Timer_startCounter) refers to empty.o(.text.DL_Timer_startCounter) for [Anonymous Symbol]
    empty.o(.ARM.exidx.text.__NVIC_EnableIRQ) refers to empty.o(.text.__NVIC_EnableIRQ) for [Anonymous Symbol]
    empty.o(.text.SysTick_Handler) refers to empty.o(.text.DL_GPIO_togglePins) for DL_GPIO_togglePins
    empty.o(.text.SysTick_Handler) refers to motor.o(.text.Chassis_Control) for Chassis_Control
    empty.o(.text.SysTick_Handler) refers to task.o(.text.Beep_And_Led_Work) for Beep_And_Led_Work
    empty.o(.text.SysTick_Handler) refers to task.o(.text.Beep_And_Led_Stop) for Beep_And_Led_Stop
    empty.o(.text.SysTick_Handler) refers to motor.o(.bss.Straight_Speed) for Straight_Speed
    empty.o(.text.SysTick_Handler) refers to motor.o(.bss.Spin_Speed) for Spin_Speed
    empty.o(.text.SysTick_Handler) refers to motor.o(.bss.Use_PID_Control_Flag) for Use_PID_Control_Flag
    empty.o(.text.SysTick_Handler) refers to location.o(.bss.Beep_Led_Flag) for Beep_Led_Flag
    empty.o(.text.SysTick_Handler) refers to empty.o(.bss.Motion_Beep_Led_Time) for [Anonymous Symbol]
    empty.o(.ARM.exidx.text.SysTick_Handler) refers to empty.o(.text.SysTick_Handler) for [Anonymous Symbol]
    empty.o(.ARM.exidx.text.DL_GPIO_togglePins) refers to empty.o(.text.DL_GPIO_togglePins) for [Anonymous Symbol]
    empty.o(.text.TIMA0_IRQHandler) refers to line_patrol.o(.text.Line_patrol_read) for Line_patrol_read
    empty.o(.text.TIMA0_IRQHandler) refers to motor.o(.text.Straight_And_Spin_Set) for Straight_And_Spin_Set
    empty.o(.text.TIMA0_IRQHandler) refers to empty.o(.bss.During_Line_Patrol_Judgment_Flag) for During_Line_Patrol_Judgment_Flag
    empty.o(.text.TIMA0_IRQHandler) refers to empty.o(.bss.During_Line_Patrol_Judgment_Flag_Times) for [Anonymous Symbol]
    empty.o(.text.TIMA0_IRQHandler) refers to empty.o(.bss.Posture_Correction_Flag) for Posture_Correction_Flag
    empty.o(.text.TIMA0_IRQHandler) refers to empty.o(.bss.Posture_Correction_Task3_Flag) for Posture_Correction_Task3_Flag
    empty.o(.text.TIMA0_IRQHandler) refers to empty.o(.bss.Posture_Correction_Times) for [Anonymous Symbol]
    empty.o(.text.TIMA0_IRQHandler) refers to empty.o(.bss.Posture_Correction_Complete_Flag) for Posture_Correction_Complete_Flag
    empty.o(.ARM.exidx.text.TIMA0_IRQHandler) refers to empty.o(.text.TIMA0_IRQHandler) for [Anonymous Symbol]
    empty.o(.text.delay_ms) refers to dl_common.o(.text.DL_Common_delayCycles) for DL_Common_delayCycles
    empty.o(.ARM.exidx.text.delay_ms) refers to empty.o(.text.delay_ms) for [Anonymous Symbol]
    startup_mspm0g350x_uvision.o(STACK) refers (Special) to heapauxi.o(.text) for __use_two_region_memory
    startup_mspm0g350x_uvision.o(HEAP) refers (Special) to heapauxi.o(.text) for __use_two_region_memory
    startup_mspm0g350x_uvision.o(RESET) refers (Special) to heapauxi.o(.text) for __use_two_region_memory
    startup_mspm0g350x_uvision.o(RESET) refers to startup_mspm0g350x_uvision.o(STACK) for __initial_sp
    startup_mspm0g350x_uvision.o(RESET) refers to startup_mspm0g350x_uvision.o(.text) for Reset_Handler
    startup_mspm0g350x_uvision.o(RESET) refers to empty.o(.text.SysTick_Handler) for SysTick_Handler
    startup_mspm0g350x_uvision.o(RESET) refers to encoder.o(.text.GROUP1_IRQHandler) for GROUP1_IRQHandler
    startup_mspm0g350x_uvision.o(RESET) refers to empty.o(.text.TIMA0_IRQHandler) for TIMA0_IRQHandler
    startup_mspm0g350x_uvision.o(RESET) refers to location.o(.text.TIMA1_IRQHandler) for TIMA1_IRQHandler
[...]
    DL_GPIO_initDigitalOutput                0x0000120d   Thumb Code    20  ti_msp_dl_config.o(.text.DL_GPIO_initDigitalOutput)
    [Anonymous Symbol]                       0x0000120c   Section        0  ti_msp_dl_config.o(.text.DL_GPIO_initDigitalOutput)
    DL_GPIO_initPeripheralOutputFunction     0x00001221   Thumb Code    24  ti_msp_dl_config.o(.text.DL_GPIO_initPeripheralOutputFunction)
    [Anonymous Symbol]                       0x00001220   Section        0  ti_msp_dl_config.o(.text.DL_GPIO_initPeripheralOutputFunction)
    __arm_cp.16_0                            0x00001238   Number         4  ti_msp_dl_config.o(.text.DL_GPIO_initPeripheralOutputFunction)
    DL_GPIO_readPins                         0x0000123d   Thumb Code    22  gpio.o(.text.DL_GPIO_readPins)
    [Anonymous Symbol]                       0x0000123c   Section        0  gpio.o(.text.DL_GPIO_readPins)
    DL_GPIO_readPins                         0x00001253   Thumb Code    22  line_patrol.o(.text.DL_GPIO_readPins)
    [Anonymous Symbol]                       0x00001252   Section        0  line_patrol.o(.text.DL_GPIO_readPins)
    DL_GPIO_reset                            0x00001269   Thumb Code    16  ti_msp_dl_config.o(.text.DL_GPIO_reset)
    [Anonymous Symbol]                       0x00001268   Section        0  ti_msp_dl_config.o(.text.DL_GPIO_reset)
    DL_GPIO_setLowerPinsPolarity             0x00001279   Thumb Code    24  ti_msp_dl_config.o(.text.DL_GPIO_setLowerPinsPolarity)
    [Anonymous Symbol]                       0x00001278   Section        0  ti_msp_dl_config.o(.text.DL_GPIO_setLowerPinsPolarity)
    __arm_cp.22_0                            0x00001290   Number         4  ti_msp_dl_config.o(.text.DL_GPIO_setLowerPinsPolarity)
    DL_GPIO_setPins                          0x00001295   Thumb Code    20  ti_msp_dl_config.o(.text.DL_GPIO_setPins)
    [Anonymous Symbol]                       0x00001294   Section        0  ti_msp_dl_config.o(.text.DL_GPIO_setPins)
    DL_GPIO_setPins                          0x000012a9   Thumb Code    20  gpio.o(.text.DL_GPIO_setPins)
    [Anonymous Symbol]                       0x000012a8   Section        0  gpio.o(.text.DL_GPIO_setPins)
    DL_GPIO_setPins                          0x000012bd   Thumb Code    20  motor.o(.text.DL_GPIO_setPins)
    [Anonymous Symbol]                       0x000012bc   Section        0  motor.o(.text.DL_GPIO_setPins)
    __arm_cp.3_0                             0x000012d0   Number         4  motor.o(.text.DL_GPIO_setPins)
    DL_GPIO_setUpperPinsPolarity             0x000012d5   Thumb Code    24  ti_msp_dl_config.o(.text.DL_GPIO_setUpperPinsPolarity)
    [Anonymous Symbol]                       0x000012d4   Section        0  ti_msp_dl_config.o(.text.DL_GPIO_setUpperPinsPolarity)
    DL_GPIO_togglePins                       0x000012ed   Thumb Code    20  empty.o(.text.DL_GPIO_togglePins)
    [Anonymous Symbol]                       0x000012ec   Section        0  empty.o(.text.DL_GPIO_togglePins)
    __arm_cp.4_0                             0x00001300   Number         4  empty.o(.text.DL_GPIO_togglePins)
    DL_SYSCTL_disableHFXT                    0x00001305   Thumb Code    12  ti_msp_dl_config.o(.text.DL_SYSCTL_disableHFXT)
    [Anonymous Symbol]                       0x00001304   Section        0  ti_msp_dl_config.o(.text.DL_SYSCTL_disableHFXT)
    DL_SYSCTL_disableSYSPLL                  0x00001311   Thumb Code    16  ti_msp_dl_config.o(.text.DL_SYSCTL_disableSYSPLL)
    [Anonymous Symbol]                       0x00001310   Section        0  ti_msp_dl_config.o(.text.DL_SYSCTL_disableSYSPLL)
    __arm_cp.30_0                            0x00001320   Number         4  ti_msp_dl_config.o(.text.DL_SYSCTL_disableSYSPLL)
    DL_SYSCTL_enableMFCLK                    0x00001325   Thumb Code    16  ti_msp_dl_config.o(.text.DL_SYSCTL_enableMFCLK)
    [Anonymous Symbol]                       0x00001324   Section        0  ti_msp_dl_config.o(.text.DL_SYSCTL_enableMFCLK)
    __arm_cp.31_0                            0x00001334   Number         4  ti_msp_dl_config.o(.text.DL_SYSCTL_enableMFCLK)
    DL_SYSCTL_enableMFPCLK                   0x00001339   Thumb Code    12  ti_msp_dl_config.o(.text.DL_SYSCTL_enableMFPCLK)
    [Anonymous Symbol]                       0x00001338   Section        0  ti_msp_dl_config.o(.text.DL_SYSCTL_enableMFPCLK)
    __arm_cp.32_0                            0x00001344   Number         4  ti_msp_dl_config.o(.text.DL_SYSCTL_enableMFPCLK)
    DL_SYSCTL_setBORThreshold                0x00001349   Thumb Code    20  ti_msp_dl_config.o(.text.DL_SYSCTL_setBORThreshold)
    [Anonymous Symbol]                       0x00001348   Section        0  ti_msp_dl_config.o(.text.DL_SYSCTL_setBORThreshold)
    __arm_cp.27_0                            0x0000135c   Number         4  ti_msp_dl_config.o(.text.DL_SYSCTL_setBORThreshold)
    DL_SYSCTL_setMFPCLKSource                0x00001361   Thumb Code    28  ti_msp_dl_config.o(.text.DL_SYSCTL_setMFPCLKSource)
    [Anonymous Symbol]                       0x00001360   Section        0  ti_msp_dl_config.o(.text.DL_SYSCTL_setMFPCLKSource)
    __arm_cp.33_0                            0x0000137c   Number         4  ti_msp_dl_config.o(.text.DL_SYSCTL_setMFPCLKSource)
    DL_SYSCTL_setSYSOSCFreq                  0x00001381   Thumb Code    24  ti_msp_dl_config.o(.text.DL_SYSCTL_setSYSOSCFreq)
    [Anonymous Symbol]                       0x00001380   Section        0  ti_msp_dl_config.o(.text.DL_SYSCTL_setSYSOSCFreq)
    __arm_cp.28_0                            0x00001398   Number         4  ti_msp_dl_config.o(.text.DL_SYSCTL_setSYSOSCFreq)
    DL_Timer_enableClock                     0x0000139d   Thumb Code    16  ti_msp_dl_config.o(.text.DL_Timer_enableClock)
    [Anonymous Symbol]                       0x0000139c   Section        0  ti_msp_dl_config.o(.text.DL_Timer_enableClock)
    __arm_cp.35_0                            0x000013ac   Number         4  ti_msp_dl_config.o(.text.DL_Timer_enableClock)
    DL_Timer_enableInterrupt                 0x000013b1   Thumb Code    24  ti_msp_dl_config.o(.text.DL_Timer_enableInterrupt)
    [Anonymous Symbol]                       0x000013b0   Section        0  ti_msp_dl_config.o(.text.DL_Timer_enableInterrupt)
    __arm_cp.37_0                            0x000013c8   Number         4  ti_msp_dl_config.o(.text.DL_Timer_enableInterrupt)
    DL_Timer_enablePower                     0x000013cd   Thumb Code    20  ti_msp_dl_config.o(.text.DL_Timer_enablePower)
    [Anonymous Symbol]                       0x000013cc   Section        0  ti_msp_dl_config.o(.text.DL_Timer_enablePower)
    __arm_cp.15_0                            0x000013e0   Number         4  ti_msp_dl_config.o(.text.DL_Timer_enablePower)
    [Anonymous Symbol]                       0x000013e4   Section        0  dl_timer.o(.text.DL_Timer_initPWMMode)
    __arm_cp.17_0                            0x000014e8   Number         4  dl_timer.o(.text.DL_Timer_initPWMMode)
    __arm_cp.17_2                            0x000014ec   Number         4  dl_timer.o(.text.DL_Timer_initPWMMode)
    [Anonymous Symbol]                       0x000014f0   Section        0  dl_timer.o(.text.DL_Timer_initTimerMode)
    DL_Timer_reset                           0x000015ed   Thumb Code    16  ti_msp_dl_config.o(.text.DL_Timer_reset)
    [Anonymous Symbol]                       0x000015ec   Section        0  ti_msp_dl_config.o(.text.DL_Timer_reset)
    __arm_cp.13_0                            0x000015fc   Number         4  ti_msp_dl_config.o(.text.DL_Timer_reset)
    __arm_cp.13_1                            0x00001600   Number         4  ti_msp_dl_config.o(.text.DL_Timer_reset)
    DL_Timer_setCCPDirection                 0x00001605   Thumb Code    20  ti_msp_dl_config.o(.text.DL_Timer_setCCPDirection)
    [Anonymous Symbol]                       0x00001604   Section        0  ti_msp_dl_config.o(.text.DL_Timer_setCCPDirection)
    [Anonymous Symbol]                       0x00001618   Section        0  dl_timer.o(.text.DL_Timer_setCaptCompUpdateMethod)
    [Anonymous Symbol]                       0x00001648   Section        0  dl_timer.o(.text.DL_Timer_setCaptureCompareAction)
    __arm_cp.18_0                            0x00001674   Number         4  dl_timer.o(.text.DL_Timer_setCaptureCompareAction)
    __arm_cp.18_1                            0x00001678   Number         4  dl_timer.o(.text.DL_Timer_setCaptureCompareAction)
    [Anonymous Symbol]                       0x0000167c   Section        0  dl_timer.o(.text.DL_Timer_setCaptureCompareCtl)
    __arm_cp.6_0                             0x000016b0   Number         4  dl_timer.o(.text.DL_Timer_setCaptureCompareCtl)
    __arm_cp.6_1                             0x000016b4   Number         4  dl_timer.o(.text.DL_Timer_setCaptureCompareCtl)
    [Anonymous Symbol]                       0x000016b8   Section        0  dl_timer.o(.text.DL_Timer_setCaptureCompareInput)
    [Anonymous Symbol]                       0x000016ec   Section        0  dl_timer.o(.text.DL_Timer_setCaptureCompareOutCtl)
    __arm_cp.19_0                            0x00001728   Number         4  dl_timer.o(.text.DL_Timer_setCaptureCompareOutCtl)
    [Anonymous Symbol]                       0x0000172c   Section        0  dl_timer.o(.text.DL_Timer_setCaptureCompareValue)
    __arm_cp.5_0                             0x00001754   Number         4  dl_timer.o(.text.DL_Timer_setCaptureCompareValue)
    [Anonymous Symbol]                       0x00001758   Section        0  dl_timer.o(.text.DL_Timer_setClockConfig)
    __arm_cp.0_0                             0x00001784   Number         4  dl_timer.o(.text.DL_Timer_setClockConfig)
    __arm_cp.0_1                             0x00001788   Number         4  dl_timer.o(.text.DL_Timer_setClockConfig)
    DL_Timer_setCounterValueAfterEnable      0x0000178d   Thumb Code    28  dl_timer.o(.text.DL_Timer_setCounterValueAfterEnable)
    [Anonymous Symbol]                       0x0000178c   Section        0  dl_timer.o(.text.DL_Timer_setCounterValueAfterEnable)
    DL_Timer_setLoadValue                    0x000017a9   Thumb Code    20  dl_timer.o(.text.DL_Timer_setLoadValue)
    [Anonymous Symbol]                       0x000017a8   Section        0  dl_timer.o(.text.DL_Timer_setLoadValue)
    __arm_cp.3_0                             0x000017bc   Number         4  dl_timer.o(.text.DL_Timer_setLoadValue)
    DL_Timer_startCounter                    0x000017c1   Thumb Code    20  empty.o(.text.DL_Timer_startCounter)
    [Anonymous Symbol]                       0x000017c0   Section        0  empty.o(.text.DL_Timer_startCounter)
    DL_Timer_startCounter                    0x000017d5   Thumb Code    20  timer.o(.text.DL_Timer_startCounter)
    [Anonymous Symbol]                       0x000017d4   Section        0  timer.o(.text.DL_Timer_startCounter)
    DL_Timer_stopCounter                     0x000017e9   Thumb Code    20  timer.o(.text.DL_Timer_stopCounter)
    [Anonymous Symbol]                       0x000017e8   Section        0  timer.o(.text.DL_Timer_stopCounter)
    __arm_cp.3_0                             0x000017fc   Number         4  timer.o(.text.DL_Timer_stopCounter)
    [Anonymous Symbol]                       0x00001800   Section        0  encoder.o(.text.GROUP1_IRQHandler)
    __arm_cp.0_1                             0x00001838   Number         4  encoder.o(.text.GROUP1_IRQHandler)
    __arm_cp.0_2                             0x0000183c   Number         4  encoder.o(.text.GROUP1_IRQHandler)
    [Anonymous Symbol]                       0x00001840   Section        0  gpio.o(.text.Led_stop)
    [Anonymous Symbol]                       0x00001850   Section        0  gpio.o(.text.Led_work)
    [Anonymous Symbol]                       0x00001860   Section        0  line_patrol.o(.text.Line_Patrol_Judgment)
    __arm_cp.2_0                             0x00001a68   Number         4  line_patrol.o(.text.Line_Patrol_Judgment)
    __arm_cp.2_1                             0x00001a6c   Number         4  line_patrol.o(.text.Line_Patrol_Judgment)
    __arm_cp.2_2                             0x00001a70   Number         4  line_patrol.o(.text.Line_Patrol_Judgment)
    __arm_cp.2_3                             0x00001a74   Number         4  line_patrol.o(.text.Line_Patrol_Judgment)
    [Anonymous Symbol]                       0x00001a78   Section        0  line_patrol.o(.text.Line_patrol_read)
    __arm_cp.0_1                             0x00001afc   Number         4  line_patrol.o(.text.Line_patrol_read)
    [Anonymous Symbol]                       0x00001b00   Section        0  gpio.o(.text.Mode_select)
    __arm_cp.0_1                             0x00001b38   Number         4  gpio.o(.text.Mode_select)
    [Anonymous Symbol]                       0x00001b3c   Section        0  motor.o(.text.MotorA_Direction_Set)
    __arm_cp.2_0                             0x00001b88   Number         4  motor.o(.text.MotorA_Direction_Set)
    [Anonymous Symbol]                       0x00001b8c   Section        0  motor.o(.text.MotorB_Direction_Set)
    [Anonymous Symbol]                       0x00001bcc   Section        0  pid.o(.text.PID_Init)
    [Anonymous Symbol]                       0x00001bec   Section        0  pid.o(.text.Position_PID)
    __arm_cp.1_0                             0x00001c88   Number         4  pid.o(.text.Position_PID)
    __arm_cp.1_1                             0x00001c8c   Number         4  pid.o(.text.Position_PID)
    __arm_cp.1_2                             0x00001c90   Number         4  pid.o(.text.Position_PID)
    __arm_cp.1_3                             0x00001c94   Number         4  pid.o(.text.Position_PID)
    __arm_cp.1_4                             0x00001c98   Number         4  pid.o(.text.Position_PID)
    [Anonymous Symbol]                       0x00001c9c   Section        0  motor.o(.text.Rpm_To_PWM)
    __arm_cp.0_0                             0x00001cb8   Number         4  motor.o(.text.Rpm_To_PWM)
    [Anonymous Symbol]                       0x00001cbc   Section        0  ti_msp_dl_config.o(.text.SYSCFG_DL_GPIO_init)
    __arm_cp.2_0                             0x00001ddc   Number         4  ti_msp_dl_config.o(.text.SYSCFG_DL_GPIO_init)
    __arm_cp.2_1                             0x00001de0   Number         4  ti_msp_dl_config.o(.text.SYSCFG_DL_GPIO_init)
    __arm_cp.2_2                             0x00001de4   Number         4  ti_msp_dl_config.o(.text.SYSCFG_DL_GPIO_init)
    __arm_cp.2_3                             0x00001de8   Number         4  ti_msp_dl_config.o(.text.SYSCFG_DL_GPIO_init)
    [Anonymous Symbol]                       0x00001dec   Section        0  ti_msp_dl_config.o(.text.SYSCFG_DL_PWM_Beep_init)
    __arm_cp.5_0                             0x00001e3c   Number         4  ti_msp_dl_config.o(.text.SYSCFG_DL_PWM_Beep_init)
    __arm_cp.5_2                             0x00001e40   Number         4  ti_msp_dl_config.o(.text.SYSCFG_DL_PWM_Beep_init)
    [Anonymous Symbol]                       0x00001e44   Section        0  ti_msp_dl_config.o(.text.SYSCFG_DL_PWM_Motor_init)
    __arm_cp.4_0                             0x00001eb8   Number         4  ti_msp_dl_config.o(.text.SYSCFG_DL_PWM_Motor_init)
    __arm_cp.4_2                             0x00001ebc   Number         4  ti_msp_dl_config.o(.text.SYSCFG_DL_PWM_Motor_init)
    [Anonymous Symbol]                       0x00001ec0   Section        0  ti_msp_dl_config.o(.text.SYSCFG_DL_SYSCTL_init)
    [Anonymous Symbol]                       0x00001ef4   Section        0  ti_msp_dl_config.o(.text.SYSCFG_DL_SYSTICK_init)
    __arm_cp.9_0                             0x00001f00   Number         4  ti_msp_dl_config.o(.text.SYSCFG_DL_SYSTICK_init)
    [Anonymous Symbol]                       0x00001f04   Section        0  ti_msp_dl_config.o(.text.SYSCFG_DL_TIMER_0_init)
    __arm_cp.6_0                             0x00001f2c   Number         4  ti_msp_dl_config.o(.text.SYSCFG_DL_TIMER_0_init)
    __arm_cp.6_2                             0x00001f30   Number         4  ti_msp_dl_config.o(.text.SYSCFG_DL_TIMER_0_init)
    [Anonymous Symbol]                       0x00001f34   Section        0  ti_msp_dl_config.o(.text.SYSCFG_DL_TIMER_Encoder_init)
    __arm_cp.7_0                             0x00001f5c   Number         4  ti_msp_dl_config.o(.text.SYSCFG_DL_TIMER_Encoder_init)
    __arm_cp.7_2                             0x00001f60   Number         4  ti_msp_dl_config.o(.text.SYSCFG_DL_TIMER_Encoder_init)
    [Anonymous Symbol]                       0x00001f64   Section        0  ti_msp_dl_config.o(.text.SYSCFG_DL_TIMER_Location_init)
    __arm_cp.8_0                             0x00001f94   Number         4  ti_msp_dl_config.o(.text.SYSCFG_DL_TIMER_Location_init)
    __arm_cp.8_2                             0x00001f98   Number         4  ti_msp_dl_config.o(.text.SYSCFG_DL_TIMER_Location_init)
    [Anonymous Symbol]                       0x00001f9c   Section        0  ti_msp_dl_config.o(.text.SYSCFG_DL_init)
    __arm_cp.0_0                             0x00001fdc   Number         4  ti_msp_dl_config.o(.text.SYSCFG_DL_init)
    __arm_cp.0_1                             0x00001fe0   Number         4  ti_msp_dl_config.o(.text.SYSCFG_DL_init)
    __arm_cp.0_2                             0x00001fe4   Number         4  ti_msp_dl_config.o(.text.SYSCFG_DL_init)
    __arm_cp.0_3                             0x00001fe8   Number         4  ti_msp_dl_config.o(.text.SYSCFG_DL_init)
    [Anonymous Symbol]                       0x00001fec   Section        0  ti_msp_dl_config.o(.text.SYSCFG_DL_initPower)
    __arm_cp.1_0                             0x0000205c   Number         4  ti_msp_dl_config.o(.text.SYSCFG_DL_initPower)
    __arm_cp.1_1                             0x00002060   Number         4  ti_msp_dl_config.o(.text.SYSCFG_DL_initPower)
    __arm_cp.1_2                             0x00002064   Number         4  ti_msp_dl_config.o(.text.SYSCFG_DL_initPower)
    __arm_cp.1_3                             0x00002068   Number         4  ti_msp_dl_config.o(.text.SYSCFG_DL_initPower)
    __arm_cp.1_4                             0x0000206c   Number         4  ti_msp_dl_config.o(.text.SYSCFG_DL_initPower)
    __arm_cp.1_5                             0x00002070   Number         4  ti_msp_dl_config.o(.text.SYSCFG_DL_initPower)
    __arm_cp.1_6                             0x00002074   Number         4  ti_msp_dl_config.o(.text.SYSCFG_DL_initPower)
    [Anonymous Symbol]                       0x00002078   Section        0  location.o(.text.Search_Black_Line)
    __arm_cp.0_0                             0x000020d4   Number         4  location.o(.text.Search_Black_Line)
    __arm_cp.0_1                             0x000020d8   Number         4  location.o(.text.Search_Black_Line)
    __arm_cp.0_3                             0x000020dc   Number         4  location.o(.text.Search_Black_Line)
    __arm_cp.0_4                             0x000020e0   Number         4  location.o(.text.Search_Black_Line)
    [Anonymous Symbol]                       0x000020e4   Section        0  motor.o(.text.Straight_And_Spin_Set)
    SysTick_Config                           0x00002119   Thumb Code    68  ti_msp_dl_config.o(.text.SysTick_Config)
    [Anonymous Symbol]                       0x00002118   Section        0  ti_msp_dl_config.o(.text.SysTick_Config)
    __arm_cp.38_0                            0x0000215c   Number         4  ti_msp_dl_config.o(.text.SysTick_Config)
    __arm_cp.38_1                            0x00002160   Number         4  ti_msp_dl_config.o(.text.SysTick_Config)
    __arm_cp.38_2                            0x00002164   Number         4  ti_msp_dl_config.o(.text.SysTick_Config)
    [Anonymous Symbol]                       0x00002168   Section        0  empty.o(.text.SysTick_Handler)
    __arm_cp.3_0                             0x000021d4   Number         4  empty.o(.text.SysTick_Handler)
    __arm_cp.3_1                             0x000021d8   Number         4  empty.o(.text.SysTick_Handler)
    __arm_cp.3_2                             0x000021dc   Number         4  empty.o(.text.SysTick_Handler)
    __arm_cp.3_3                             0x000021e0   Number         4  empty.o(.text.SysTick_Handler)
    __arm_cp.3_5                             0x000021e4   Number         4  empty.o(.text.SysTick_Handler)
    [Anonymous Symbol]                       0x000021e8   Section        0  empty.o(.text.TIMA0_IRQHandler)
    __arm_cp.5_0                             0x000022d0   Number         4  empty.o(.text.TIMA0_IRQHandler)
    __arm_cp.5_1                             0x000022d4   Number         4  empty.o(.text.TIMA0_IRQHandler)
    __arm_cp.5_2                             0x000022d8   Number         4  empty.o(.text.TIMA0_IRQHandler)
    __arm_cp.5_3                             0x000022dc   Number         4  empty.o(.text.TIMA0_IRQHandler)
    __arm_cp.5_4                             0x000022e0   Number         4  empty.o(.text.TIMA0_IRQHandler)
    __arm_cp.5_6                             0x000022e4   Number         4  empty.o(.text.TIMA0_IRQHandler)
    __arm_cp.5_7                             0x000022e8   Number         4  empty.o(.text.TIMA0_IRQHandler)
    [Anonymous Symbol]                       0x000022ec   Section        0  location.o(.text.TIMA1_IRQHandler)
    __arm_cp.1_1                             0x00002520   Number         4  location.o(.text.TIMA1_IRQHandler)
    __arm_cp.1_2                             0x00002524   Number         4  location.o(.text.TIMA1_IRQHandler)
    __arm_cp.1_3                             0x00002528   Number         4  location.o(.text.TIMA1_IRQHandler)
    __arm_cp.1_4                             0x0000252c   Number         4  location.o(.text.TIMA1_IRQHandler)
    __arm_cp.1_5                             0x00002530   Number         4  location.o(.text.TIMA1_IRQHandler)
    __arm_cp.1_6                             0x00002534   Number         4  location.o(.text.TIMA1_IRQHandler)
    __arm_cp.1_7                             0x00002538   Number         4  location.o(.text.TIMA1_IRQHandler)
    __arm_cp.1_8                             0x0000253c   Number         4  location.o(.text.TIMA1_IRQHandler)
    __arm_cp.1_10                            0x00002540   Number         4  location.o(.text.TIMA1_IRQHandler)
    __arm_cp.1_11                            0x00002544   Number         4  location.o(.text.TIMA1_IRQHandler)
    __arm_cp.1_12                            0x00002548   Number         4  location.o(.text.TIMA1_IRQHandler)
    __arm_cp.1_13                            0x0000254c   Number         4  location.o(.text.TIMA1_IRQHandler)
    __arm_cp.1_14                            0x00002550   Number         4  location.o(.text.TIMA1_IRQHandler)
    [Anonymous Symbol]                       0x00002554   Section        0  encoder.o(.text.TIMG7_IRQHandler)
    __arm_cp.2_0                             0x000025e8   Number         4  encoder.o(.text.TIMG7_IRQHandler)
    __arm_cp.2_1                             0x000025ec   Number         4  encoder.o(.text.TIMG7_IRQHandler)
    __arm_cp.2_2                             0x000025f0   Number         4  encoder.o(.text.TIMG7_IRQHandler)
    __arm_cp.2_3                             0x000025f4   Number         4  encoder.o(.text.TIMG7_IRQHandler)
    __arm_cp.2_4                             0x000025f8   Number         4  encoder.o(.text.TIMG7_IRQHandler)
    __arm_cp.2_5                             0x000025fc   Number         4  encoder.o(.text.TIMG7_IRQHandler)
    __arm_cp.2_6                             0x00002600   Number         4  encoder.o(.text.TIMG7_IRQHandler)
    __arm_cp.2_7                             0x00002604   Number         4  encoder.o(.text.TIMG7_IRQHandler)
    __arm_cp.2_8                             0x00002608   Number         4  encoder.o(.text.TIMG7_IRQHandler)
    [Anonymous Symbol]                       0x0000260c   Section        0  task.o(.text.Task_1)
    __arm_cp.3_0                             0x0000265c   Number         4  task.o(.text.Task_1)
    __arm_cp.3_1                             0x00002660   Number         4  task.o(.text.Task_1)
    __arm_cp.3_2                             0x00002664   Number         4  task.o(.text.Task_1)
    [Anonymous Symbol]                       0x00002668   Section        0  task.o(.text.Task_2)
    __arm_cp.4_0                             0x00002710   Number         4  task.o(.text.Task_2)
    __arm_cp.4_2                             0x00002714   Number         4  task.o(.text.Task_2)
    [Anonymous Symbol]                       0x00002718   Section        0  task.o(.text.Task_3)
    __arm_cp.5_0                             0x00002894   Number         4  task.o(.text.Task_3)
    __arm_cp.5_2                             0x00002898   Number         4  task.o(.text.Task_3)
    [Anonymous Symbol]                       0x0000289c   Section        0  task.o(.text.Task_4)
    __arm_cp.6_0                             0x000029d0   Number         4  task.o(.text.Task_4)
    __arm_cp.6_1                             0x000029d4   Number         4  task.o(.text.Task_4)
    __arm_cp.6_2                             0x000029d8   Number         4  task.o(.text.Task_4)
    __NVIC_EnableIRQ                         0x000029dd   Thumb Code    40  empty.o(.text.__NVIC_EnableIRQ)
    [Anonymous Symbol]                       0x000029dc   Section        0  empty.o(.text.__NVIC_EnableIRQ)
    __arm_cp.2_0                             0x00002a04   Number         4  empty.o(.text.__NVIC_EnableIRQ)
    __NVIC_SetPriority                       0x00002a09   Thumb Code   124  ti_msp_dl_config.o(.text.__NVIC_SetPriority)
    [Anonymous Symbol]                       0x00002a08   Section        0  ti_msp_dl_config.o(.text.__NVIC_SetPriority)
    __arm_cp.34_0                            0x00002a84   Number         4  ti_msp_dl_config.o(.text.__NVIC_SetPriority)
    __arm_cp.34_1                            0x00002a88   Number         4  ti_msp_dl_config.o(.text.__NVIC_SetPriority)
    [Anonymous Symbol]                       0x00002a8c   Section        0  empty.o(.text.delay_ms)
    [Anonymous Symbol]                       0x00002ab8   Section        0  empty.o(.text.main)
    __arm_cp.0_0                             0x00002bb0   Number         4  empty.o(.text.main)
    __arm_cp.0_1                             0x00002bb4   Number         4  empty.o(.text.main)
    __arm_cp.0_2                             0x00002bb8   Number         4  empty.o(.text.main)
    __arm_cp.0_3                             0x00002bbc   Number         4  empty.o(.text.main)
    __arm_cp.0_4                             0x00002bc0   Number         4  empty.o(.text.main)
    __arm_cp.0_5                             0x00002bc4   Number         4  empty.o(.text.main)
    i._fgeq                                  0x00002bc8   Section        0  fcmp.o(i._fgeq)
    i._fleq                                  0x00002bde   Section        0  fcmp.o(i._fleq)
    x$fpl$fadd                               0x00002bf8   Section      140  faddsub.o(x$fpl$fadd)
    _fadd1                                   0x00002c05   Thumb Code     0  faddsub.o(x$fpl$fadd)
    x$fpl$fgeqf                              0x00002c84   Section       84  fgef.o(x$fpl$fgeqf)
    x$fpl$fleqf                              0x00002cd8   Section       84  flef.o(x$fpl$fleqf)
    x$fpl$fmul                               0x00002d2c   Section      176  fmul.o(x$fpl$fmul)
    x$fpl$fsub                               0x00002ddc   Section      208  faddsub.o(x$fpl$fsub)
    _fsub1                                   0x00002de9   Thumb Code     0  faddsub.o(x$fpl$fsub)
    ddiv_reciptbl                            0x00002eac   Data         128  ddiv.o(.constdata)
    .constdata                               0x00002eac   Section      128  ddiv.o(.constdata)
    x$fpl$usenofp                            0x00002eac   Section        0  usenofp.o(x$fpl$usenofp)
    fdiv_tab                                 0x00002f2c   Data          64  fdiv.o(.constdata)
    .constdata                               0x00002f2c   Section       64  fdiv.o(.constdata)
    gPWM_BeepClockConfig                     0x00002f6c   Data           3  ti_msp_dl_config.o(.rodata.gPWM_BeepClockConfig)
    [Anonymous Symbol]                       0x00002f6c   Section        0  ti_msp_dl_config.o(.rodata.gPWM_BeepClockConfig)
    gPWM_BeepConfig                          0x00002f70   Data           8  ti_msp_dl_config.o(.rodata.gPWM_BeepConfig)
    [Anonymous Symbol]                       0x00002f70   Section        0  ti_msp_dl_config.o(.rodata.gPWM_BeepConfig)
    gPWM_MotorClockConfig                    0x00002f78   Data           3  ti_msp_dl_config.o(.rodata.gPWM_MotorClockConfig)
    [Anonymous Symbol]                       0x00002f78   Section        0  ti_msp_dl_config.o(.rodata.gPWM_MotorClockConfig)
    gPWM_MotorConfig                         0x00002f7c   Data           8  ti_msp_dl_config.o(.rodata.gPWM_MotorConfig)
    [Anonymous Symbol]                       0x00002f7c   Section        0  ti_msp_dl_config.o(.rodata.gPWM_MotorConfig)
    gTIMER_0ClockConfig                      0x00002f84   Data           3  ti_msp_dl_config.o(.rodata.gTIMER_0ClockConfig)
    [Anonymous Symbol]                       0x00002f84   Section        0  ti_msp_dl_config.o(.rodata.gTIMER_0ClockConfig)
    gTIMER_0TimerConfig                      0x00002f88   Data          20  ti_msp_dl_config.o(.rodata.gTIMER_0TimerConfig)
    [Anonymous Symbol]                       0x00002f88   Section        0  ti_msp_dl_config.o(.rodata.gTIMER_0TimerConfig)
    gTIMER_EncoderClockConfig                0x00002f9c   Data           3  ti_msp_dl_config.o(.rodata.gTIMER_EncoderClockConfig)
    [Anonymous Symbol]                       0x00002f9c   Section        0  ti_msp_dl_config.o(.rodata.gTIMER_EncoderClockConfig)
    gTIMER_EncoderTimerConfig                0x00002fa0   Data          20  ti_msp_dl_config.o(.rodata.gTIMER_EncoderTimerConfig)
    [Anonymous Symbol]                       0x00002fa0   Section        0  ti_msp_dl_config.o(.rodata.gTIMER_EncoderTimerConfig)
    gTIMER_LocationClockConfig               0x00002fb4   Data           3  ti_msp_dl_config.o(.rodata.gTIMER_LocationClockConfig)
    [Anonymous Symbol]                       0x00002fb4   Section        0  ti_msp_dl_config.o(.rodata.gTIMER_LocationClockConfig)
    gTIMER_LocationTimerConfig               0x00002fb8   Data          20  ti_msp_dl_config.o(.rodata.gTIMER_LocationTimerConfig)
    [Anonymous Symbol]                       0x00002fb8   Section        0  ti_msp_dl_config.o(.rodata.gTIMER_LocationTimerConfig)
    Task2_time                               0x20200010   Data           1  task.o(.data.Task2_time)
    [Anonymous Symbol]                       0x20200010   Section        0  task.o(.data.Task2_time)
    Task3_time                               0x20200011   Data           1  task.o(.data.Task3_time)
    [Anonymous Symbol]                       0x20200011   Section        0  task.o(.data.Task3_time)
    Task4_time                               0x20200012   Data           1  task.o(.data.Task4_time)
    [Anonymous Symbol]                       0x20200012   Section        0  task.o(.data.Task4_time)
    .bss                                     0x20200018   Section       96  libspace.o(.bss)
    During_Line_Patrol_Judgment_Flag_Times   0x2020007a   Data           1  empty.o(.bss.During_Line_Patrol_Judgment_Flag_Times)
    [Anonymous Symbol]                       0x2020007a   Section        0  empty.o(.bss.During_Line_Patrol_Judgment_Flag_Times)
    Integral_bias                            0x2020007c   Data           8  pid.o(.bss.Integral_bias)
    [Anonymous Symbol]                       0x2020007c   Section        0  pid.o(.bss.Integral_bias)
    Last_Bias                                0x20200084   Data           8  pid.o(.bss.Last_Bias)
    [Anonymous Symbol]                       0x20200084   Section        0  pid.o(.bss.Last_Bias)
    Line_Patrol_Judgment.Last_Status         0x2020009c   Data           1  line_patrol.o(.bss.Line_Patrol_Judgment.Last_Status)
    [Anonymous Symbol]                       0x2020009c   Section        0  line_patrol.o(.bss.Line_Patrol_Judgment.Last_Status)
    Line_Patrol_Judgment.Status              0x202000a0   Data           4  line_patrol.o(.bss.Line_Patrol_Judgment.Status)
    [Anonymous Symbol]                       0x202000a0   Section        0  line_patrol.o(.bss.Line_Patrol_Judgment.Status)
    Line_patrol_read.Line_Patrol             0x202000a4   Data           6  line_patrol.o(.bss.Line_patrol_read.Line_Patrol)
    [Anonymous Symbol]                       0x202000a4   Section        0  line_patrol.o(.bss.Line_patrol_read.Line_Patrol)
    Mode_select.mode                         0x202000aa   Data           2  gpio.o(.bss.Mode_select.mode)
    [Anonymous Symbol]                       0x202000aa   Section        0  gpio.o(.bss.Mode_select.mode)
    Motion_Beep_Led_Time                     0x202000ac   Data           4  empty.o(.bss.Motion_Beep_Led_Time)
    [Anonymous Symbol]                       0x202000ac   Section        0  empty.o(.bss.Motion_Beep_Led_Time)
    Motion_Correct_Time                      0x202000b0   Data           4  location.o(.bss.Motion_Correct_Time)
    [Anonymous Symbol]                       0x202000b0   Section        0  location.o(.bss.Motion_Correct_Time)
    Motion_Search_Time                       0x202000b4   Data           4  location.o(.bss.Motion_Search_Time)
    [Anonymous Symbol]                       0x202000b4   Section        0  location.o(.bss.Motion_Search_Time)
    Position_KD                              0x202000bc   Data           4  pid.o(.bss.Position_KD)
    [Anonymous Symbol]                       0x202000bc   Section        0  pid.o(.bss.Position_KD)
    Position_KI                              0x202000c0   Data           4  pid.o(.bss.Position_KI)
    [Anonymous Symbol]                       0x202000c0   Section        0  pid.o(.bss.Position_KI)
    Position_KP                              0x202000c4   Data           4  pid.o(.bss.Position_KP)
    [Anonymous Symbol]                       0x202000c4   Section        0  pid.o(.bss.Position_KP)
    Posture_Correction_Times                 0x202000cc   Data           4  empty.o(.bss.Posture_Correction_Times)
    [Anonymous Symbol]                       0x202000cc   Section        0  empty.o(.bss.Posture_Correction_Times)
    Heap_Mem                                 0x20200358   Data           0  startup_mspm0g350x_uvision.o(HEAP)
    Stack_Mem                                0x20200358   Data         256  startup_mspm0g350x_uvision.o(STACK)
    HEAP                                     0x20200358   Section        0  startup_mspm0g350x_uvision.o(HEAP)
    STACK                                    0x20200358   Section      256  startup_mspm0g350x_uvision.o(STACK)
    __initial_sp                             0x20200458   Data           0  startup_mspm0g350x_uvision.o(STACK)

    Global Symbols

    Symbol Name                              Value     Ov Type        Size  Object(Section)

    BuildAttributes$$THM_ISAv3M$S$PE$A:L22$X:L11$S22$IEEE1$IW$~IW$USESV6$~STKCKD$USESV7$~SHL$OSPACE$ROPI$EBA8$UX$STANDARDLIB$REQ8$PRES8$EABIv2 0x00000000   Number         0  anon$$obj.o ABSOLUTE
    __Vectors                                0x00000000   Data           4  startup_mspm0g350x_uvision.o(RESET)
    __ARM_exceptions_init                     - Undefined Weak Reference
    __alloca_initialize                       - Undefined Weak Reference
    __arm_preinit_                            - Undefined Weak Reference
    __arm_relocate_pie_                       - Undefined Weak Reference
    __cpp_initialize__aeabi_                  - Undefined Weak Reference
    __cxa_finalize                            - Undefined Weak Reference
    __rt_locale                               - Undefined Weak Reference
    __sigvec_lookup                           - Undefined Weak Reference
    _atexit_init                              - Undefined Weak Reference
    _call_atexit_fns                          - Undefined Weak Reference
    _clock_init                               - Undefined Weak Reference
    _fp_trap_init                             - Undefined Weak Reference
    _fp_trap_shutdown                         - Undefined Weak Reference
    _get_lc_collate                           - Undefined Weak Reference
    _get_lc_ctype                             - Undefined Weak Reference
    _get_lc_monetary                          - Undefined Weak Reference
    _get_lc_numeric                           - Undefined Weak Reference
    _get_lc_time                              - Undefined Weak Reference
    _getenv_init                              - Undefined Weak Reference
    _handle_redirection                       - Undefined Weak Reference
    _init_alloc                               - Undefined Weak Reference
    _init_user_alloc                          - Undefined Weak Reference
    _initio                                   - Undefined Weak Reference
    _rand_init                                - Undefined Weak Reference
    _signal_finish                            - Undefined Weak Reference
    _signal_init                              - Undefined Weak Reference
    _terminate_alloc                          - Undefined Weak Reference
    _terminate_user_alloc                     - Undefined Weak Reference
    _terminateio                              - Undefined Weak Reference
    __Vectors_End                            0x000000c0   Data           0  startup_mspm0g350x_uvision.o(RESET)
    __Vectors_Size                           0x000000c0   Number         0  startup_mspm0g350x_uvision.o ABSOLUTE
    __main                                   0x000000c1   Thumb Code     8  __main.o(!!!main)
    __scatterload                            0x000000c9   Thumb Code     0  __scatter.o(!!!scatter)
    __scatterload_rt2                        0x000000c9   Thumb Code    74  __scatter.o(!!!scatter)
    __scatterload_rt2_thumb_only             0x000000c9   Thumb Code     0  __scatter.o(!!!scatter)
    __scatterload_loop                       0x000000d3   Thumb Code     0  __scatter.o(!!!scatter)
    __scatterload_copy                       0x00000121   Thumb Code    26  __scatter_copy.o(!!handler_copy)
    __scatterload_null                       0x00000141   Thumb Code     2  __scatter.o(!!handler_null)
    __scatterload_zeroinit                   0x00000149   Thumb Code    28  __scatter_zi.o(!!handler_zi)
    __rt_lib_init                            0x00000165   Thumb Code     0  libinit.o(.ARM.Collect$$libinit$$00000000)
    __rt_lib_init_alloca_1                   0x00000167   Thumb Code     0  libinit2.o(.ARM.Collect$$libinit$$00000030)
    __rt_lib_init_argv_1                     0x00000167   Thumb Code     0  libinit2.o(.ARM.Collect$$libinit$$0000002E)
    __rt_lib_init_atexit_1                   0x00000167   Thumb Code     0  libinit2.o(.ARM.Collect$$libinit$$0000001D)
    __rt_lib_init_clock_1                    0x00000167   Thumb Code     0  libinit2.o(.ARM.Collect$$libinit$$00000023)
    __rt_lib_init_cpp_1                      0x00000167   Thumb Code     0  libinit2.o(.ARM.Collect$$libinit$$00000034)
    __rt_lib_init_exceptions_1               0x00000167   Thumb Code     0  libinit2.o(.ARM.Collect$$libinit$$00000032)
    __rt_lib_init_fp_1                       0x00000167   Thumb Code     0  libinit2.o(.ARM.Collect$$libinit$$00000002)
    __rt_lib_init_fp_trap_1                  0x00000167   Thumb Code     0  libinit2.o(.ARM.Collect$$libinit$$00000021)
    __rt_lib_init_getenv_1                   0x00000167   Thumb Code     0  libinit2.o(.ARM.Collect$$libinit$$00000025)
    __rt_lib_init_heap_1                     0x00000167   Thumb Code     0  libinit2.o(.ARM.Collect$$libinit$$0000000C)
    __rt_lib_init_lc_collate_1               0x00000167   Thumb Code     0  libinit2.o(.ARM.Collect$$libinit$$00000013)
    __rt_lib_init_lc_ctype_1                 0x00000167   Thumb Code     0  libinit2.o(.ARM.Collect$$libinit$$00000015)
    __rt_lib_init_lc_monetary_1              0x00000167   Thumb Code     0  libinit2.o(.ARM.Collect$$libinit$$00000017)
    __rt_lib_init_lc_numeric_1               0x00000167   Thumb Code     0  libinit2.o(.ARM.Collect$$libinit$$00000019)
    __rt_lib_init_lc_time_1                  0x00000167   Thumb Code     0  libinit2.o(.ARM.Collect$$libinit$$0000001B)
    __rt_lib_init_preinit_1                  0x00000167   Thumb Code     0  libinit2.o(.ARM.Collect$$libinit$$00000006)
    __rt_lib_init_rand_1                     0x00000167   Thumb Code     0  libinit2.o(.ARM.Collect$$libinit$$00000010)
    __rt_lib_init_relocate_pie_1             0x00000167   Thumb Code     0  libinit2.o(.ARM.Collect$$libinit$$00000004)
    __rt_lib_init_return                     0x00000167   Thumb Code     0  libinit2.o(.ARM.Collect$$libinit$$00000035)
    __rt_lib_init_signal_1                   0x00000167   Thumb Code     0  libinit2.o(.ARM.Collect$$libinit$$0000001F)
    __rt_lib_init_stdio_1                    0x00000167   Thumb Code     0  libinit2.o(.ARM.Collect$$libinit$$00000027)
    __rt_lib_init_user_alloc_1               0x00000167   Thumb Code     0  libinit2.o(.ARM.Collect$$libinit$$0000000E)
    __rt_lib_shutdown                        0x00000169   Thumb Code     0  libshutdown.o(.ARM.Collect$$libshutdown$$00000000)
    __rt_lib_shutdown_cpp_1                  0x0000016b   Thumb Code     0  libshutdown2.o(.ARM.Collect$$libshutdown$$00000002)
    __rt_lib_shutdown_fp_trap_1              0x0000016b   Thumb Code     0  libshutdown2.o(.ARM.Collect$$libshutdown$$00000007)
    __rt_lib_shutdown_heap_1                 0x0000016b   Thumb Code     0  libshutdown2.o(.ARM.Collect$$libshutdown$$0000000F)
    __rt_lib_shutdown_return                 0x0000016b   Thumb Code     0  libshutdown2.o(.ARM.Collect$$libshutdown$$00000010)
    __rt_lib_shutdown_signal_1               0x0000016b   Thumb Code     0  libshutdown2.o(.ARM.Collect$$libshutdown$$0000000A)
    __rt_lib_shutdown_stdio_1                0x0000016b   Thumb Code     0  libshutdown2.o(.ARM.Collect$$libshutdown$$00000004)
    __rt_lib_shutdown_user_alloc_1           0x0000016b   Thumb Code     0  libshutdown2.o(.ARM.Collect$$libshutdown$$0000000C)
    __rt_entry                               0x0000016d   Thumb Code     0  __rtentry.o(.ARM.Collect$$rtentry$$00000000)
    __rt_entry_presh_1                       0x0000016d   Thumb Code     0  __rtentry2.o(.ARM.Collect$$rtentry$$00000002)
    __rt_entry_sh                            0x0000016d   Thumb Code     0  __rtentry4.o(.ARM.Collect$$rtentry$$00000004)
    __rt_entry_li                            0x00000173   Thumb Code     0  __rtentry2.o(.ARM.Collect$$rtentry$$0000000A)
    __rt_entry_postsh_1                      0x00000173   Thumb Code     0  __rtentry2.o(.ARM.Collect$$rtentry$$00000009)
    __rt_entry_main                          0x00000177   Thumb Code     0  __rtentry2.o(.ARM.Collect$$rtentry$$0000000D)
    __rt_entry_postli_1                      0x00000177   Thumb Code     0  __rtentry2.o(.ARM.Collect$$rtentry$$0000000C)
    __rt_exit                                0x0000017f   Thumb Code     0  rtexit.o(.ARM.Collect$$rtexit$$00000000)
    __rt_exit_ls                             0x00000181   Thumb Code     0  rtexit2.o(.ARM.Collect$$rtexit$$00000003)
    __rt_exit_prels_1                        0x00000181   Thumb Code     0  rtexit2.o(.ARM.Collect$$rtexit$$00000002)
    __rt_exit_exit                           0x00000185   Thumb Code     0  rtexit2.o(.ARM.Collect$$rtexit$$00000004)
    Reset_Handler                            0x0000018d   Thumb Code     4  startup_mspm0g350x_uvision.o(.text)
    NMI_Handler                              0x00000191   Thumb Code     2  startup_mspm0g350x_uvision.o(.text)
    HardFault_Handler                        0x00000193   Thumb Code     2  startup_mspm0g350x_uvision.o(.text)
    SVC_Handler                              0x00000195   Thumb Code     2  startup_mspm0g350x_uvision.o(.text)
    PendSV_Handler                           0x00000197   Thumb Code     2  startup_mspm0g350x_uvision.o(.text)
    ADC0_IRQHandler                          0x0000019b   Thumb Code     0  startup_mspm0g350x_uvision.o(.text)
    ADC1_IRQHandler                          0x0000019b   Thumb Code     0  startup_mspm0g350x_uvision.o(.text)
    AES_IRQHandler                           0x0000019b   Thumb Code     0  startup_mspm0g350x_uvision.o(.text)
    CANFD0_IRQHandler                        0x0000019b   Thumb Code     0  startup_mspm0g350x_uvision.o(.text)
    DAC0_IRQHandler                          0x0000019b   Thumb Code     0  startup_mspm0g350x_uvision.o(.text)
    DMA_IRQHandler                           0x0000019b   Thumb Code     0  startup_mspm0g350x_uvision.o(.text)
    Default_Handler                          0x0000019b   Thumb Code     2  startup_mspm0g350x_uvision.o(.text)
    GROUP0_IRQHandler                        0x0000019b   Thumb Code     0  startup_mspm0g350x_uvision.o(.text)
    I2C0_IRQHandler                          0x0000019b   Thumb Code     0  startup_mspm0g350x_uvision.o(.text)
    I2C1_IRQHandler                          0x0000019b   Thumb Code     0  startup_mspm0g350x_uvision.o(.text)
    RTC_IRQHandler                           0x0000019b   Thumb Code     0  startup_mspm0g350x_uvision.o(.text)
    SPI0_IRQHandler                          0x0000019b   Thumb Code     0  startup_mspm0g350x_uvision.o(.text)
    SPI1_IRQHandler                          0x0000019b   Thumb Code     0  startup_mspm0g350x_uvision.o(.text)
    TIMG0_IRQHandler                         0x0000019b   Thumb Code     0  startup_mspm0g350x_uvision.o(.text)
    TIMG12_IRQHandler                        0x0000019b   Thumb Code     0  startup_mspm0g350x_uvision.o(.text)
    TIMG6_IRQHandler                         0x0000019b   Thumb Code     0  startup_mspm0g350x_uvision.o(.text)
    TIMG8_IRQHandler                         0x0000019b   Thumb Code     0  startup_mspm0g350x_uvision.o(.text)
    UART0_IRQHandler                         0x0000019b   Thumb Code     0  startup_mspm0g350x_uvision.o(.text)
    UART1_IRQHandler                         0x0000019b   Thumb Code     0  startup_mspm0g350x_uvision.o(.text)
    UART2_IRQHandler                         0x0000019b   Thumb Code     0  startup_mspm0g350x_uvision.o(.text)
    UART3_IRQHandler                         0x0000019b   Thumb Code     0  startup_mspm0g350x_uvision.o(.text)
    __user_initial_stackheap                 0x0000019d   Thumb Code    10  startup_mspm0g350x_uvision.o(.text)
    __use_two_region_memory                  0x000001b9   Thumb Code     2  heapauxi.o(.text)
    __rt_heap_escrow$2region                 0x000001bb   Thumb Code     2  heapauxi.o(.text)
    __rt_heap_expand$2region                 0x000001bd   Thumb Code     2  heapauxi.o(.text)
    __aeabi_d2f                              0x000001c1   Thumb Code     0  d2f.o(.text)
    __truncdfsf2                             0x000001c1   Thumb Code     0  d2f.o(.text)
    _d2f                                     0x000001c1   Thumb Code   120  d2f.o(.text)
    __adddf3                                 0x00000535   Thumb Code     0  daddsub.o(.text)
    __aeabi_dadd                             0x00000535   Thumb Code     0  daddsub.o(.text)
    _dadd                                    0x00000535   Thumb Code    26  daddsub.o(.text)
    __aeabi_dsub                             0x0000054f   Thumb Code     0  daddsub.o(.text)
    __subdf3                                 0x0000054f   Thumb Code     0  daddsub.o(.text)
    _dsub                                    0x0000054f   Thumb Code    22  daddsub.o(.text)
    __aeabi_drsub                            0x00000565   Thumb Code     0  daddsub.o(.text)
    _drsb                                    0x00000565   Thumb Code    28  daddsub.o(.text)
    __aeabi_ddiv                             0x00000595   Thumb Code     0  ddiv.o(.text)
    __divdf3                                 0x00000595   Thumb Code     0  ddiv.o(.text)
    _ddiv                                    0x00000595   Thumb Code  1072  ddiv.o(.text)
    _drdiv                                   0x000009c5   Thumb Code    20  ddiv.o(.text)
    __aeabi_f2d                              0x000009dd   Thumb Code     0  f2d.o(.text)
    __extendsfdf2                            0x000009dd   Thumb Code     0  f2d.o(.text)
    _f2d                                     0x000009dd   Thumb Code    80  f2d.o(.text)
    __aeabi_fdiv                             0x00000a31   Thumb Code     0  fdiv.o(.text)
    __divsf3                                 0x00000a31   Thumb Code     0  fdiv.o(.text)
    _fdiv                                    0x00000a31   Thumb Code   334  fdiv.o(.text)
    _frdiv                                   0x00000b7f   Thumb Code     8  fdiv.o(.text)
    __aeabi_f2iz                             0x00000b91   Thumb Code     0  ffixi.o(.text)
    _ffix                                    0x00000b91   Thumb Code    76  ffixi.o(.text)
    __aeabi_f2uiz                            0x00000bdd   Thumb Code     0  ffixui.o(.text)
    _ffixu                                   0x00000bdd   Thumb Code    48  ffixui.o(.text)
    __aeabi_i2f_normalise                    0x00000c0d   Thumb Code    72  fflti.o(.text)
    __aeabi_i2f                              0x00000c55   Thumb Code    16  fflti.o(.text)
    _fflt                                    0x00000c55   Thumb Code     0  fflti.o(.text)
    __aeabi_ui2f                             0x00000c65   Thumb Code     6  fflti.o(.text)
    _ffltu                                   0x00000c65   Thumb Code     0  fflti.o(.text)
    __fpl_fcmp_InfNaN                        0x00000c6d   Thumb Code    96  fcmpin.o(.text)
    __user_setup_stackheap                   0x00000cd1   Thumb Code    62  sys_stackheap_outer.o(.text)
    exit                                     0x00000d0f   Thumb Code    16  exit.o(.text)
    __fpl_cmpreturn                          0x00000d1f   Thumb Code    46  cmpret.o(.text)
    __fpl_fcheck_NaN2                        0x00000d4d   Thumb Code    10  fnan2.o(.text)
    __user_libspace                          0x00000d5d   Thumb Code     8  libspace.o(.text)
    __user_perproc_libspace                  0x00000d5d   Thumb Code     0  libspace.o(.text)
    __user_perthread_libspace                0x00000d5d   Thumb Code     0  libspace.o(.text)
    __fpl_return_NaN                         0x00000d65   Thumb Code    94  retnan.o(.text)
    _sys_exit                                0x00000dc5   Thumb Code     8  sys_exit.o(.text)
    __I$use$semihosting                      0x00000dd1   Thumb Code     0  use_no_semi.o(.text)
    __use_no_semihosting_swi                 0x00000dd1   Thumb Code     2  use_no_semi.o(.text)
    Beep_And_Led_Delay                       0x00000dd3   Thumb Code    30  task.o(.text.Beep_And_Led_Delay)
    __semihosting_library_function           0x00000dd3   Thumb Code     0  indicate_semi.o(.text)
    Beep_And_Led_Stop                        0x00000df1   Thumb Code    32  task.o(.text.Beep_And_Led_Stop)
    Beep_And_Led_Work                        0x00000e11   Thumb Code    32  task.o(.text.Beep_And_Led_Work)
    Beep_stop                                0x00000e31   Thumb Code    12  timer.o(.text.Beep_stop)
    Beep_work                                0x00000e3d   Thumb Code    12  timer.o(.text.Beep_work)
    Chassis_Control                          0x00000e4d   Thumb Code   600  motor.o(.text.Chassis_Control)
    DL_Common_delayCycles                    0x000010b5   Thumb Code    20  dl_common.o(.text.DL_Common_delayCycles)
    DL_Timer_initPWMMode                     0x000013e5   Thumb Code   260  dl_timer.o(.text.DL_Timer_initPWMMode)
    DL_Timer_initTimerMode                   0x000014f1   Thumb Code   252  dl_timer.o(.text.DL_Timer_initTimerMode)
    DL_Timer_setCaptCompUpdateMethod         0x00001619   Thumb Code    48  dl_timer.o(.text.DL_Timer_setCaptCompUpdateMethod)
    DL_Timer_setCaptureCompareAction         0x00001649   Thumb Code    44  dl_timer.o(.text.DL_Timer_setCaptureCompareAction)
    DL_Timer_setCaptureCompareCtl            0x0000167d   Thumb Code    52  dl_timer.o(.text.DL_Timer_setCaptureCompareCtl)
    DL_Timer_setCaptureCompareInput          0x000016b9   Thumb Code    52  dl_timer.o(.text.DL_Timer_setCaptureCompareInput)
    DL_Timer_setCaptureCompareOutCtl         0x000016ed   Thumb Code    60  dl_timer.o(.text.DL_Timer_setCaptureCompareOutCtl)
    DL_Timer_setCaptureCompareValue          0x0000172d   Thumb Code    40  dl_timer.o(.text.DL_Timer_setCaptureCompareValue)
    DL_Timer_setClockConfig                  0x00001759   Thumb Code    44  dl_timer.o(.text.DL_Timer_setClockConfig)
    GROUP1_IRQHandler                        0x00001801   Thumb Code    56  encoder.o(.text.GROUP1_IRQHandler)
    Led_stop                                 0x00001841   Thumb Code    16  gpio.o(.text.Led_stop)
    Led_work                                 0x00001851   Thumb Code    16  gpio.o(.text.Led_work)
    Line_Patrol_Judgment                     0x00001861   Thumb Code   520  line_patrol.o(.text.Line_Patrol_Judgment)
    Line_patrol_read                         0x00001a79   Thumb Code   132  line_patrol.o(.text.Line_patrol_read)
    Mode_select                              0x00001b01   Thumb Code    56  gpio.o(.text.Mode_select)
    MotorA_Direction_Set                     0x00001b3d   Thumb Code    76  motor.o(.text.MotorA_Direction_Set)
    MotorB_Direction_Set                     0x00001b8d   Thumb Code    64  motor.o(.text.MotorB_Direction_Set)
    PID_Init                                 0x00001bcd   Thumb Code    32  pid.o(.text.PID_Init)
    Position_PID                             0x00001bed   Thumb Code   156  pid.o(.text.Position_PID)
    Rpm_To_PWM                               0x00001c9d   Thumb Code    28  motor.o(.text.Rpm_To_PWM)
    SYSCFG_DL_GPIO_init                      0x00001cbd   Thumb Code   288  ti_msp_dl_config.o(.text.SYSCFG_DL_GPIO_init)
    SYSCFG_DL_PWM_Beep_init                  0x00001ded   Thumb Code    80  ti_msp_dl_config.o(.text.SYSCFG_DL_PWM_Beep_init)
    SYSCFG_DL_PWM_Motor_init                 0x00001e45   Thumb Code   116  ti_msp_dl_config.o(.text.SYSCFG_DL_PWM_Motor_init)
    SYSCFG_DL_SYSCTL_init                    0x00001ec1   Thumb Code    52  ti_msp_dl_config.o(.text.SYSCFG_DL_SYSCTL_init)
    SYSCFG_DL_SYSTICK_init                   0x00001ef5   Thumb Code    12  ti_msp_dl_config.o(.text.SYSCFG_DL_SYSTICK_init)
    SYSCFG_DL_TIMER_0_init                   0x00001f05   Thumb Code    40  ti_msp_dl_config.o(.text.SYSCFG_DL_TIMER_0_init)
    SYSCFG_DL_TIMER_Encoder_init             0x00001f35   Thumb Code    40  ti_msp_dl_config.o(.text.SYSCFG_DL_TIMER_Encoder_init)
    SYSCFG_DL_TIMER_Location_init            0x00001f65   Thumb Code    48  ti_msp_dl_config.o(.text.SYSCFG_DL_TIMER_Location_init)
    SYSCFG_DL_init                           0x00001f9d   Thumb Code    64  ti_msp_dl_config.o(.text.SYSCFG_DL_init)
    SYSCFG_DL_initPower                      0x00001fed   Thumb Code   112  ti_msp_dl_config.o(.text.SYSCFG_DL_initPower)
    Search_Black_Line                        0x00002079   Thumb Code    92  location.o(.text.Search_Black_Line)
    Straight_And_Spin_Set                    0x000020e5   Thumb Code    52  motor.o(.text.Straight_And_Spin_Set)
    SysTick_Handler                          0x00002169   Thumb Code   108  empty.o(.text.SysTick_Handler)
    TIMA0_IRQHandler                         0x000021e9   Thumb Code   232  empty.o(.text.TIMA0_IRQHandler)
    TIMA1_IRQHandler                         0x000022ed   Thumb Code   564  location.o(.text.TIMA1_IRQHandler)
    TIMG7_IRQHandler                         0x00002555   Thumb Code   148  encoder.o(.text.TIMG7_IRQHandler)
    Task_1                                   0x0000260d   Thumb Code    80  task.o(.text.Task_1)
    Task_2                                   0x00002669   Thumb Code   168  task.o(.text.Task_2)
    Task_3                                   0x00002719   Thumb Code   380  task.o(.text.Task_3)
    Task_4                                   0x0000289d   Thumb Code   308  task.o(.text.Task_4)
    delay_ms                                 0x00002a8d   Thumb Code    44  empty.o(.text.delay_ms)
    main                                     0x00002ab9   Thumb Code   248  empty.o(.text.main)
    __aeabi_fcmpge                           0x00002bc9   Thumb Code     0  fcmp.o(i._fgeq)
    _fgeq                                    0x00002bc9   Thumb Code    22  fcmp.o(i._fgeq)
    __aeabi_fcmple                           0x00002bdf   Thumb Code     0  fcmp.o(i._fleq)
    _fleq                                    0x00002bdf   Thumb Code    26  fcmp.o(i._fleq)
    __aeabi_fadd                             0x00002bf9   Thumb Code     0  faddsub.o(x$fpl$fadd)
    _fadd                                    0x00002bf9   Thumb Code   134  faddsub.o(x$fpl$fadd)
    _fcmpge                                  0x00002c85   Thumb Code    78  fgef.o(x$fpl$fgeqf)
    __aeabi_cfcmple                          0x00002cd9   Thumb Code     0  flef.o(x$fpl$fleqf)
    _fcmple                                  0x00002cd9   Thumb Code    78  flef.o(x$fpl$fleqf)
    __aeabi_fmul                             0x00002d2d   Thumb Code     0  fmul.o(x$fpl$fmul)
    _fmul                                    0x00002d2d   Thumb Code   172  fmul.o(x$fpl$fmul)
    __aeabi_fsub                             0x00002ddd   Thumb Code     0  faddsub.o(x$fpl$fsub)
    _fsub                                    0x00002ddd   Thumb Code   204  faddsub.o(x$fpl$fsub)
    __I$use$fp                               0x00002eac   Number         0  usenofp.o(x$fpl$usenofp)
    Region$$Table$$Base                      0x00002fd0   Number         0  anon$$obj.o(Region$$Table)
    Region$$Table$$Limit                     0x00002ff0   Number         0  anon$$obj.o(Region$$Table)
    KD                                       0x20200000   Data           4  empty.o(.data.KD)
    KI                                       0x20200004   Data           4  empty.o(.data.KI)
    KP                                       0x20200008   Data           4  empty.o(.data.KP)
    Per_Pulse_Distance                       0x2020000c   Data           4  encoder.o(.data.Per_Pulse_Distance)
    times                                    0x20200013   Data           1  empty.o(.data.times)
    __libspace_start                         0x20200018   Data          96  libspace.o(.bss)
    Beep_Led_Flag                            0x20200078   Data           1  location.o(.bss.Beep_Led_Flag)
    __temporary_stack_top$libspace           0x20200078   Data           0  libspace.o(.bss)
    During_Line_Patrol_Judgment_Flag         0x20200079   Data           1  empty.o(.bss.During_Line_Patrol_Judgment_Flag)
    Last_Robot_Motion                        0x2020008c   Data           1  task.o(.bss.Last_Robot_Motion)
    Left_count                               0x20200090   Data           4  encoder.o(.bss.Left_count)
    Left_speed                               0x20200094   Data           4  encoder.o(.bss.Left_speed)
    Left_speed_PWM                           0x20200098   Data           4  encoder.o(.bss.Left_speed_PWM)
    Odom                                     0x202000b8   Data           4  location.o(.bss.Odom)
    Posture_Correction_Complete_Flag         0x202000c8   Data           1  empty.o(.bss.Posture_Correction_Complete_Flag)
    Posture_Correction_Flag                  0x202000c9   Data           1  empty.o(.bss.Posture_Correction_Flag)
    Posture_Correction_Task3_Flag            0x202000ca   Data           1  empty.o(.bss.Posture_Correction_Task3_Flag)
    Right_count                              0x202000d0   Data           4  encoder.o(.bss.Right_count)
    Right_speed                              0x202000d4   Data           4  encoder.o(.bss.Right_speed)
    Right_speed_PWM                          0x202000d8   Data           4  encoder.o(.bss.Right_speed_PWM)
    Robot_Motion                             0x202000dc   Data           1  location.o(.bss.Robot_Motion)
    Spin_Speed                               0x202000e0   Data           4  motor.o(.bss.Spin_Speed)
    Straight_Speed                           0x202000e4   Data           4  motor.o(.bss.Straight_Speed)
    Use_PID_Control_Flag                     0x202000e8   Data           1  motor.o(.bss.Use_PID_Control_Flag)
    gPWM_BeepBackup                          0x202000ec   Data         120  ti_msp_dl_config.o(.bss.gPWM_BeepBackup)
    gTIMER_0Backup                           0x20200164   Data         188  ti_msp_dl_config.o(.bss.gTIMER_0Backup)
    gTIMER_EncoderBackup                     0x20200220   Data         120  ti_msp_dl_config.o(.bss.gTIMER_EncoderBackup)
    gTIMER_LocationBackup                    0x20200298   Data         188  ti_msp_dl_config.o(.bss.gTIMER_LocationBackup)



==============================================================================

Memory Map of the image

  Image Entry point : 0x000000c1

  Load Region LR_IROM1 (Base: 0x00000000, Size: 0x00003008, Max: 0x00020000, ABSOLUTE)

    Execution Region ER_IROM1 (Exec base: 0x00000000, Load base: 0x00000000, Size: 0x00002ff0, Max: 0x00020000, ABSOLUTE)

    Exec Addr    Load Addr    Size         Type   Attr      Idx    E Section Name        Object

    0x00000000   0x00000000   0x000000c0   Data   RO           37    RESET               startup_mspm0g350x_uvision.o
    0x000000c0   0x000000c0   0x00000008   Code   RO         1438  * !!!main             c_p.l(__main.o)
    0x000000c8   0x000000c8   0x00000054   Code   RO         1680    !!!scatter          c_p.l(__scatter.o)
    0x0000011c   0x0000011c   0x00000004   PAD
    0x00000120   0x00000120   0x0000001a   Code   RO         1684    !!handler_copy      c_p.l(__scatter_copy.o)
    0x0000013a   0x0000013a   0x00000006   PAD
    0x00000140   0x00000140   0x00000002   Code   RO         1681    !!handler_null      c_p.l(__scatter.o)
    0x00000142   0x00000142   0x00000006   PAD
    0x00000148   0x00000148   0x0000001c   Code   RO         1686    !!handler_zi        c_p.l(__scatter_zi.o)
    0x00000164   0x00000164   0x00000002   Code   RO         1535    .ARM.Collect$$libinit$$00000000  c_p.l(libinit.o)
    0x00000166   0x00000166   0x00000000   Code   RO         1553    .ARM.Collect$$libinit$$00000002  c_p.l(libinit2.o)
    0x00000166   0x00000166   0x00000000   Code   RO         1555    .ARM.Collect$$libinit$$00000004  c_p.l(libinit2.o)
    0x00000166   0x00000166   0x00000000   Code   RO         1557    .ARM.Collect$$libinit$$00000006  c_p.l(libinit2.o)
    0x00000166   0x00000166   0x00000000   Code   RO         1560    .ARM.Collect$$libinit$$0000000C  c_p.l(libinit2.o)
    0x00000166   0x00000166   0x00000000   Code   RO         1562    .ARM.Collect$$libinit$$0000000E  c_p.l(libinit2.o)
    0x00000166   0x00000166   0x00000000   Code   RO         1564    .ARM.Collect$$libinit$$00000010  c_p.l(libinit2.o)
    0x00000166   0x00000166   0x00000000   Code   RO         1567    .ARM.Collect$$libinit$$00000013  c_p.l(libinit2.o)
    0x00000166   0x00000166   0x00000000   Code   RO         1569    .ARM.Collect$$libinit$$00000015  c_p.l(libinit2.o)
    0x00000166   0x00000166   0x00000000   Code   RO         1571    .ARM.Collect$$libinit$$00000017  c_p.l(libinit2.o)
    0x00000166   0x00000166   0x00000000   Code   RO         1573    .ARM.Collect$$libinit$$00000019  c_p.l(libinit2.o)
    0x00000166   0x00000166   0x00000000   Code   RO         1575    .ARM.Collect$$libinit$$0000001B  c_p.l(libinit2.o)
    0x00000166   0x00000166   0x00000000   Code   RO         1577    .ARM.Collect$$libinit$$0000001D  c_p.l(libinit2.o)
    0x00000166   0x00000166   0x00000000   Code   RO         1579    .ARM.Collect$$libinit$$0000001F  c_p.l(libinit2.o)
    0x00000166   0x00000166   0x00000000   Code   RO         1581    .ARM.Collect$$libinit$$00000021  c_p.l(libinit2.o)
    0x00000166   0x00000166   0x00000000   Code   RO         1583    .ARM.Collect$$libinit$$00000023  c_p.l(libinit2.o)
    0x00000166   0x00000166   0x00000000   Code   RO         1585    .ARM.Collect$$libinit$$00000025  c_p.l(libinit2.o)
    0x00000166   0x00000166   0x00000000   Code   RO         1587    .ARM.Collect$$libinit$$00000027  c_p.l(libinit2.o)
    0x00000166   0x00000166   0x00000000   Code   RO         1591    .ARM.Collect$$libinit$$0000002E  c_p.l(libinit2.o)
    0x00000166   0x00000166   0x00000000   Code   RO         1593    .ARM.Collect$$libinit$$00000030  c_p.l(libinit2.o)
    0x00000166   0x00000166   0x00000000   Code   RO         1595    .ARM.Collect$$libinit$$00000032  c_p.l(libinit2.o)
    0x00000166   0x00000166   0x00000000   Code   RO         1597    .ARM.Collect$$libinit$$00000034  c_p.l(libinit2.o)
    0x00000166   0x00000166   0x00000002   Code   RO         1598    .ARM.Collect$$libinit$$00000035  c_p.l(libinit2.o)
    0x00000168   0x00000168   0x00000002   Code   RO         1635    .ARM.Collect$$libshutdown$$00000000  c_p.l(libshutdown.o)
    0x0000016a   0x0000016a   0x00000000   Code   RO         1663    .ARM.Collect$$libshutdown$$00000002  c_p.l(libshutdown2.o)
    0x0000016a   0x0000016a   0x00000000   Code   RO         1665    .ARM.Collect$$libshutdown$$00000004  c_p.l(libshutdown2.o)
    0x0000016a   0x0000016a   0x00000000   Code   RO         1668    .ARM.Collect$$libshutdown$$00000007  c_p.l(libshutdown2.o)
    0x0000016a   0x0000016a   0x00000000   Code   RO         1671    .ARM.Collect$$libshutdown$$0000000A  c_p.l(libshutdown2.o)
    0x0000016a   0x0000016a   0x00000000   Code   RO         1673    .ARM.Collect$$libshutdown$$0000000C  c_p.l(libshutdown2.o)
    0x0000016a   0x0000016a   0x00000000   Code   RO         1676    .ARM.Collect$$libshutdown$$0000000F  c_p.l(libshutdown2.o)
    0x0000016a   0x0000016a   0x00000002   Code   RO         1677    .ARM.Collect$$libshutdown$$00000010  c_p.l(libshutdown2.o)
    0x0000016c   0x0000016c   0x00000000   Code   RO         1490    .ARM.Collect$$rtentry$$00000000  c_p.l(__rtentry.o)
    0x0000016c   0x0000016c   0x00000000   Code   RO         1503    .ARM.Collect$$rtentry$$00000002  c_p.l(__rtentry2.o)
    0x0000016c   0x0000016c   0x00000006   Code   RO         1515    .ARM.Collect$$rtentry$$00000004  c_p.l(__rtentry4.o)
    0x00000172   0x00000172   0x00000000   Code   RO         1505    .ARM.Collect$$rtentry$$00000009  c_p.l(__rtentry2.o)
    0x00000172   0x00000172   0x00000004   Code   RO         1506    .ARM.Collect$$rtentry$$0000000A  c_p.l(__rtentry2.o)
    0x00000176   0x00000176   0x00000000   Code   RO         1508    .ARM.Collect$$rtentry$$0000000C  c_p.l(__rtentry2.o)
    0x00000176   0x00000176   0x00000008   Code   RO         1509    .ARM.Collect$$rtentry$$0000000D  c_p.l(__rtentry2.o)
    0x0000017e   0x0000017e   0x00000002   Code   RO         1544    .ARM.Collect$$rtexit$$00000000  c_p.l(rtexit.o)
    0x00000180   0x00000180   0x00000000   Code   RO         1606    .ARM.Collect$$rtexit$$00000002  c_p.l(rtexit2.o)
    0x00000180   0x00000180   0x00000004   Code   RO         1607    .ARM.Collect$$rtexit$$00000003  c_p.l(rtexit2.o)
    0x00000184   0x00000184   0x00000006   Code   RO         1608    .ARM.Collect$$rtexit$$00000004  c_p.l(rtexit2.o)
    0x0000018a   0x0000018a   0x00000002   PAD
    0x0000018c   0x0000018c   0x0000002c   Code   RO           38    .text               startup_mspm0g350x_uvision.o
    0x000001b8   0x000001b8   0x00000006   Code   RO         1436    .text               c_p.l(heapauxi.o)
    0x000001be   0x000001be   0x00000002   PAD
    0x000001c0   0x000001c0   0x0000007c   Code   RO         1440    .text               fz_ps.l(d2f.o)
    0x0000023c   0x0000023c   0x00000358   Code   RO         1442    .text               fz_ps.l(daddsub.o)
    0x00000594   0x00000594   0x00000448   Code   RO         1444    .text               fz_ps.l(ddiv.o)
    0x000009dc   0x000009dc   0x00000054   Code   RO         1447    .text               fz_ps.l(f2d.o)
    0x00000a30   0x00000a30   0x00000160   Code   RO         1479    .text               fz_ps.l(fdiv.o)
    0x00000b90   0x00000b90   0x0000004c   Code   RO         1482    .text               fz_ps.l(ffixi.o)
    0x00000bdc   0x00000bdc   0x00000030   Code   RO         1484    .text               fz_ps.l(ffixui.o)
    0x00000c0c   0x00000c0c   0x0000005e   Code   RO         1486    .text               fz_ps.l(fflti.o)
    0x00000c6a   0x00000c6a   0x00000002   PAD
    0x00000c6c   0x00000c6c   0x00000064   Code   RO         1519    .text               fz_ps.l(fcmpin.o)
    0x00000cd0   0x00000cd0   0x0000003e   Code   RO         1521    .text               c_p.l(sys_stackheap_outer.o)
    0x00000d0e   0x00000d0e   0x00000010   Code   RO         1524    .text               c_p.l(exit.o)
    0x00000d1e   0x00000d1e   0x0000002e   Code   RO         1536    .text               fz_ps.l(cmpret.o)
    0x00000d4c   0x00000d4c   0x00000010   Code   RO         1538    .text               fz_ps.l(fnan2.o)
    0x00000d5c   0x00000d5c   0x00000008   Code   RO         1540    .text               c_p.l(libspace.o)
    0x00000d64   0x00000d64   0x0000005e   Code   RO         1599    .text               fz_ps.l(retnan.o)
    0x00000dc2   0x00000dc2   0x00000002   PAD
    0x00000dc4   0x00000dc4   0x0000000c   Code   RO         1601    .text               c_p.l(sys_exit.o)
    0x00000dd0   0x00000dd0   0x00000002   Code   RO         1624    .text               c_p.l(use_no_semi.o)
    0x00000dd2   0x00000dd2   0x00000000   Code   RO         1626    .text               c_p.l(indicate_semi.o)
    0x00000dd2   0x00000dd2   0x0000001e   Code   RO         1325    .text.Beep_And_Led_Delay  task.o
    0x00000df0   0x00000df0   0x00000020   Code   RO         1323    .text.Beep_And_Led_Stop  task.o
    0x00000e10   0x00000e10   0x00000020   Code   RO         1321    .text.Beep_And_Led_Work  task.o
    0x00000e30   0x00000e30   0x0000000c   Code   RO         1350    .text.Beep_stop     timer.o
    0x00000e3c   0x00000e3c   0x00000010   Code   RO         1346    .text.Beep_work     timer.o
    0x00000e4c   0x00000e4c   0x00000268   Code   RO         1300    .text.Chassis_Control  motor.o
    0x000010b4   0x000010b4   0x00000014   Code   RO          199    .text.DL_Common_delayCycles  dl_common.o
    0x000010c8   0x000010c8   0x00000028   Code   RO          123    .text.DL_Common_updateReg  ti_msp_dl_config.o
    0x000010f0   0x000010f0   0x00000028   Code   RO         1088    .text.DL_Common_updateReg  dl_timer.o
    0x00001118   0x00001118   0x0000001c   Code   RO           93    .text.DL_GPIO_clearInterruptStatus  ti_msp_dl_config.o
    0x00001134   0x00001134   0x00000014   Code   RO           87    .text.DL_GPIO_clearPins  ti_msp_dl_config.o
    0x00001148   0x00001148   0x00000014   Code   RO         1270    .text.DL_GPIO_clearPins  gpio.o
    0x0000115c   0x0000115c   0x00000014   Code   RO         1288    .text.DL_GPIO_clearPins  motor.o
    0x00001170   0x00001170   0x00000018   Code   RO           95    .text.DL_GPIO_enableInterrupt  ti_msp_dl_config.o
    0x00001188   0x00001188   0x00000018   Code   RO           79    .text.DL_GPIO_enableOutput  ti_msp_dl_config.o
    0x000011a0   0x000011a0   0x00000014   Code   RO           73    .text.DL_GPIO_enablePower  ti_msp_dl_config.o
    0x000011b4   0x000011b4   0x00000012   Code   RO         1395    .text.DL_GPIO_getPendingInterrupt  encoder.o
    0x000011c6   0x000011c6   0x00000002   PAD
    0x000011c8   0x000011c8   0x00000014   Code   RO           81    .text.DL_GPIO_initDigitalInput  ti_msp_dl_config.o
    0x000011dc   0x000011dc   0x00000030   Code   RO           85    .text.DL_GPIO_initDigitalInputFeatures  ti_msp_dl_config.o
    0x0000120c   0x0000120c   0x00000014   Code   RO           83    .text.DL_GPIO_initDigitalOutput  ti_msp_dl_config.o
    0x00001220   0x00001220   0x0000001c   Code   RO           77    .text.DL_GPIO_initPeripheralOutputFunction  ti_msp_dl_config.o
    0x0000123c   0x0000123c   0x00000016   Code   RO         1262    .text.DL_GPIO_readPins  gpio.o
    0x00001252   0x00001252   0x00000016   Code   RO         1363    .text.DL_GPIO_readPins  line_patrol.o
    0x00001268   0x00001268   0x00000010   Code   RO           69    .text.DL_GPIO_reset  ti_msp_dl_config.o
    0x00001278   0x00001278   0x0000001c   Code   RO           89    .text.DL_GPIO_setLowerPinsPolarity  ti_msp_dl_config.o
    0x00001294   0x00001294   0x00000014   Code   RO           97    .text.DL_GPIO_setPins  ti_msp_dl_config.o
    0x000012a8   0x000012a8   0x00000014   Code   RO         1266    .text.DL_GPIO_setPins  gpio.o
    0x000012bc   0x000012bc   0x00000018   Code   RO         1286    .text.DL_GPIO_setPins  motor.o
    0x000012d4   0x000012d4   0x00000018   Code   RO           91    .text.DL_GPIO_setUpperPinsPolarity  ti_msp_dl_config.o
    0x000012ec   0x000012ec   0x00000018   Code   RO           10    .text.DL_GPIO_togglePins  empty.o
    0x00001304   0x00001304   0x0000000c   Code   RO          103    .text.DL_SYSCTL_disableHFXT  ti_msp_dl_config.o
    0x00001310   0x00001310   0x00000014   Code   RO          105    .text.DL_SYSCTL_disableSYSPLL  ti_msp_dl_config.o
    0x00001324   0x00001324   0x00000014   Code   RO          107    .text.DL_SYSCTL_enableMFCLK  ti_msp_dl_config.o
    0x00001338   0x00001338   0x00000010   Code   RO          109    .text.DL_SYSCTL_enableMFPCLK  ti_msp_dl_config.o
    0x00001348   0x00001348   0x00000018   Code   RO           99    .text.DL_SYSCTL_setBORThreshold  ti_msp_dl_config.o
    0x00001360   0x00001360   0x00000020   Code   RO          111    .text.DL_SYSCTL_setMFPCLKSource  ti_msp_dl_config.o
    0x00001380   0x00001380   0x0000001c   Code   RO          101    .text.DL_SYSCTL_setSYSOSCFreq  ti_msp_dl_config.o
    0x0000139c   0x0000139c   0x00000014   Code   RO          115    .text.DL_Timer_enableClock  ti_msp_dl_config.o
    0x000013b0   0x000013b0   0x0000001c   Code   RO          119    .text.DL_Timer_enableInterrupt  ti_msp_dl_config.o
    0x000013cc   0x000013cc   0x00000018   Code   RO           75    .text.DL_Timer_enablePower  ti_msp_dl_config.o
    0x000013e4   0x000013e4   0x0000010c   Code   RO         1100    .text.DL_Timer_initPWMMode  dl_timer.o
    0x000014f0   0x000014f0   0x000000fc   Code   RO         1070    .text.DL_Timer_initTimerMode  dl_timer.o
    0x000015ec   0x000015ec   0x00000018   Code   RO           71    .text.DL_Timer_reset  ti_msp_dl_config.o
    0x00001604   0x00001604   0x00000014   Code   RO          117    .text.DL_Timer_setCCPDirection  ti_msp_dl_config.o
    0x00001618   0x00001618   0x00000030   Code   RO         1130    .text.DL_Timer_setCaptCompUpdateMethod  dl_timer.o
    0x00001648   0x00001648   0x00000034   Code   RO         1102    .text.DL_Timer_setCaptureCompareAction  dl_timer.o
    0x0000167c   0x0000167c   0x0000003c   Code   RO         1078    .text.DL_Timer_setCaptureCompareCtl  dl_timer.o
    0x000016b8   0x000016b8   0x00000034   Code   RO         1084    .text.DL_Timer_setCaptureCompareInput  dl_timer.o
    0x000016ec   0x000016ec   0x00000040   Code   RO         1104    .text.DL_Timer_setCaptureCompareOutCtl  dl_timer.o
    0x0000172c   0x0000172c   0x0000002c   Code   RO         1076    .text.DL_Timer_setCaptureCompareValue  dl_timer.o
    0x00001758   0x00001758   0x00000034   Code   RO         1066    .text.DL_Timer_setClockConfig  dl_timer.o
    0x0000178c   0x0000178c   0x0000001c   Code   RO         1074    .text.DL_Timer_setCounterValueAfterEnable  dl_timer.o
    0x000017a8   0x000017a8   0x00000018   Code   RO         1072    .text.DL_Timer_setLoadValue  dl_timer.o
    0x000017c0   0x000017c0   0x00000014   Code   RO            4    .text.DL_Timer_startCounter  empty.o
    0x000017d4   0x000017d4   0x00000014   Code   RO         1348    .text.DL_Timer_startCounter  timer.o
    0x000017e8   0x000017e8   0x00000018   Code   RO         1352    .text.DL_Timer_stopCounter  timer.o
    0x00001800   0x00001800   0x00000040   Code   RO         1393    .text.GROUP1_IRQHandler  encoder.o
    0x00001840   0x00001840   0x00000010   Code   RO         1268    .text.Led_stop      gpio.o
    0x00001850   0x00001850   0x00000010   Code   RO         1264    .text.Led_work      gpio.o
    0x00001860   0x00001860   0x00000218   Code   RO         1365    .text.Line_Patrol_Judgment  line_patrol.o
    0x00001a78   0x00001a78   0x00000088   Code   RO         1361    .text.Line_patrol_read  line_patrol.o
    0x00001b00   0x00001b00   0x0000003c   Code   RO         1260    .text.Mode_select   gpio.o
    0x00001b3c   0x00001b3c   0x00000050   Code   RO         1284    .text.MotorA_Direction_Set  motor.o
    0x00001b8c   0x00001b8c   0x00000040   Code   RO         1290    .text.MotorB_Direction_Set  motor.o
    0x00001bcc   0x00001bcc   0x00000020   Code   RO         1377    .text.PID_Init      pid.o
    0x00001bec   0x00001bec   0x000000b0   Code   RO         1379    .text.Position_PID  pid.o
    0x00001c9c   0x00001c9c   0x00000020   Code   RO         1280    .text.Rpm_To_PWM    motor.o
    0x00001cbc   0x00001cbc   0x00000130   Code   RO           49    .text.SYSCFG_DL_GPIO_init  ti_msp_dl_config.o
    0x00001dec   0x00001dec   0x00000058   Code   RO           55    .text.SYSCFG_DL_PWM_Beep_init  ti_msp_dl_config.o
    0x00001e44   0x00001e44   0x0000007c   Code   RO           53    .text.SYSCFG_DL_PWM_Motor_init  ti_msp_dl_config.o
    0x00001ec0   0x00001ec0   0x00000034   Code   RO           51    .text.SYSCFG_DL_SYSCTL_init  ti_msp_dl_config.o
    0x00001ef4   0x00001ef4   0x00000010   Code   RO           63    .text.SYSCFG_DL_SYSTICK_init  ti_msp_dl_config.o
    0x00001f04   0x00001f04   0x00000030   Code   RO           57    .text.SYSCFG_DL_TIMER_0_init  ti_msp_dl_config.o
    0x00001f34   0x00001f34   0x00000030   Code   RO           59    .text.SYSCFG_DL_TIMER_Encoder_init  ti_msp_dl_config.o
    0x00001f64   0x00001f64   0x00000038   Code   RO           61    .text.SYSCFG_DL_TIMER_Location_init  ti_msp_dl_config.o
    0x00001f9c   0x00001f9c   0x00000050   Code   RO           45    .text.SYSCFG_DL_init  ti_msp_dl_config.o
    0x00001fec   0x00001fec   0x0000008c   Code   RO           47    .text.SYSCFG_DL_initPower  ti_msp_dl_config.o
    0x00002078   0x00002078   0x0000006c   Code   RO         1415    .text.Search_Black_Line  location.o
    0x000020e4   0x000020e4   0x00000034   Code   RO         1302    .text.Straight_And_Spin_Set  motor.o
    0x00002118   0x00002118   0x00000050   Code   RO          121    .text.SysTick_Config  ti_msp_dl_config.o
    0x00002168   0x00002168   0x00000080   Code   RO            8    .text.SysTick_Handler  empty.o
    0x000021e8   0x000021e8   0x00000104   Code   RO           12    .text.TIMA0_IRQHandler  empty.o
    0x000022ec   0x000022ec   0x00000268   Code   RO         1417    .text.TIMA1_IRQHandler  location.o
    0x00002554   0x00002554   0x000000b8   Code   RO         1397    .text.TIMG7_IRQHandler  encoder.o
    0x0000260c   0x0000260c   0x0000005c   Code   RO         1327    .text.Task_1        task.o
    0x00002668   0x00002668   0x000000b0   Code   RO         1329    .text.Task_2        task.o
    0x00002718   0x00002718   0x00000184   Code   RO         1331    .text.Task_3        task.o
    0x0000289c   0x0000289c   0x00000140   Code   RO         1333    .text.Task_4        task.o
    0x000029dc   0x000029dc   0x0000002c   Code   RO            6    .text.__NVIC_EnableIRQ  empty.o
    0x00002a08   0x00002a08   0x00000084   Code   RO          113    .text.__NVIC_SetPriority  ti_msp_dl_config.o
    0x00002a8c   0x00002a8c   0x0000002c   Code   RO           14    .text.delay_ms      empty.o
    0x00002ab8   0x00002ab8   0x00000110   Code   RO            2    .text.main          empty.o
    0x00002bc8   0x00002bc8   0x00000016   Code   RO         1462    i._fgeq             fz_ps.l(fcmp.o)
    0x00002bde   0x00002bde   0x0000001a   Code   RO         1464    i._fleq             fz_ps.l(fcmp.o)
    0x00002bf8   0x00002bf8   0x0000008c   Code   RO         1449    x$fpl$fadd          fz_ps.l(faddsub.o)
    0x00002c84   0x00002c84   0x00000054   Code   RO         1497    x$fpl$fgeqf         fz_ps.l(fgef.o)
    0x00002cd8   0x00002cd8   0x00000054   Code   RO         1499    x$fpl$fleqf         fz_ps.l(flef.o)
    0x00002d2c   0x00002d2c   0x000000b0   Code   RO         1488    x$fpl$fmul          fz_ps.l(fmul.o)
    0x00002ddc   0x00002ddc   0x000000d0   Code   RO         1451    x$fpl$fsub          fz_ps.l(faddsub.o)
    0x00002eac   0x00002eac   0x00000000   Code   RO         1501    x$fpl$usenofp       fz_ps.l(usenofp.o)
    0x00002eac   0x00002eac   0x00000080   Data   RO         1445    .constdata          fz_ps.l(ddiv.o)
    0x00002f2c   0x00002f2c   0x00000040   Data   RO         1480    .constdata          fz_ps.l(fdiv.o)
    0x00002f6c   0x00002f6c   0x00000003   Data   RO          131    .rodata.gPWM_BeepClockConfig  ti_msp_dl_config.o
    0x00002f6f   0x00002f6f   0x00000001   PAD
    0x00002f70   0x00002f70   0x00000008   Data   RO          132    .rodata.gPWM_BeepConfig  ti_msp_dl_config.o
    0x00002f78   0x00002f78   0x00000003   Data   RO          129    .rodata.gPWM_MotorClockConfig  ti_msp_dl_config.o
    0x00002f7b   0x00002f7b   0x00000001   PAD
    0x00002f7c   0x00002f7c   0x00000008   Data   RO          130    .rodata.gPWM_MotorConfig  ti_msp_dl_config.o
    0x00002f84   0x00002f84   0x00000003   Data   RO          133    .rodata.gTIMER_0ClockConfig  ti_msp_dl_config.o
    0x00002f87   0x00002f87   0x00000001   PAD
    0x00002f88   0x00002f88   0x00000014   Data   RO          134    .rodata.gTIMER_0TimerConfig  ti_msp_dl_config.o
    0x00002f9c   0x00002f9c   0x00000003   Data   RO          135    .rodata.gTIMER_EncoderClockConfig  ti_msp_dl_config.o
    0x00002f9f   0x00002f9f   0x00000001   PAD
    0x00002fa0   0x00002fa0   0x00000014   Data   RO          136    .rodata.gTIMER_EncoderTimerConfig  ti_msp_dl_config.o
    0x00002fb4   0x00002fb4   0x00000003   Data   RO          137    .rodata.gTIMER_LocationClockConfig  ti_msp_dl_config.o
    0x00002fb7   0x00002fb7   0x00000001   PAD
    0x00002fb8   0x00002fb8   0x00000014   Data   RO          138    .rodata.gTIMER_LocationTimerConfig  ti_msp_dl_config.o
    0x00002fcc   0x00002fcc   0x00000004   PAD
    0x00002fd0   0x00002fd0   0x00000020   Data   RO         1679    Region$$Table       anon$$obj.o


    Execution Region RW_IRAM2 (Exec base: 0x20200000, Load base: 0x00002ff0, Size: 0x00000458, Max: 0x00008000, ABSOLUTE)

    Exec Addr    Load Addr    Size         Type   Attr      Idx    E Section Name        Object

    0x20200000   0x00002ff0   0x00000004   Data   RW           19    .data.KD            empty.o
    0x20200004   0x00002ff4   0x00000004   Data   RW           18    .data.KI            empty.o
    0x20200008   0x00002ff8   0x00000004   Data   RW           17    .data.KP            empty.o
    0x2020000c   0x00002ffc   0x00000004   Data   RW         1401    .data.Per_Pulse_Distance  encoder.o
    0x20200010   0x00003000   0x00000001   Data   RW         1335    .data.Task2_time    task.o
    0x20200011   0x00003001   0x00000001   Data   RW         1337    .data.Task3_time    task.o
    0x20200012   0x00003002   0x00000001   Data   RW         1338    .data.Task4_time    task.o
    0x20200013   0x00003003   0x00000001   Data   RW           16    .data.times         empty.o
    0x20200014   0x00003004   0x00000004   PAD
    0x20200018        -       0x00000060   Zero   RW         1541    .bss                c_p.l(libspace.o)
    0x20200078        -       0x00000001   Zero   RW         1422    .bss.Beep_Led_Flag  location.o
    0x20200079        -       0x00000001   Zero   RW           21    .bss.During_Line_Patrol_Judgment_Flag  empty.o
    0x2020007a        -       0x00000001   Zero   RW           26    .bss.During_Line_Patrol_Judgment_Flag_Times  empty.o
    0x2020007b   0x00003004   0x00000001   PAD
    0x2020007c        -       0x00000008   Zero   RW         1384    .bss.Integral_bias  pid.o
    0x20200084        -       0x00000008   Zero   RW         1385    .bss.Last_Bias      pid.o
    0x2020008c        -       0x00000001   Zero   RW         1336    .bss.Last_Robot_Motion  task.o
    0x2020008d   0x00003004   0x00000003   PAD
    0x20200090        -       0x00000004   Zero   RW         1400    .bss.Left_count     encoder.o
    0x20200094        -       0x00000004   Zero   RW         1404    .bss.Left_speed     encoder.o
    0x20200098        -       0x00000004   Zero   RW         1405    .bss.Left_speed_PWM  encoder.o
    0x2020009c        -       0x00000001   Zero   RW         1369    .bss.Line_Patrol_Judgment.Last_Status  line_patrol.o
    0x2020009d   0x00003004   0x00000003   PAD
    0x202000a0        -       0x00000004   Zero   RW         1368    .bss.Line_Patrol_Judgment.Status  line_patrol.o
    0x202000a4        -       0x00000006   Zero   RW         1367    .bss.Line_patrol_read.Line_Patrol  line_patrol.o
    0x202000aa        -       0x00000002   Zero   RW         1272    .bss.Mode_select.mode  gpio.o
    0x202000ac        -       0x00000004   Zero   RW           20    .bss.Motion_Beep_Led_Time  empty.o
    0x202000b0        -       0x00000004   Zero   RW         1423    .bss.Motion_Correct_Time  location.o
    0x202000b4        -       0x00000004   Zero   RW         1420    .bss.Motion_Search_Time  location.o
    0x202000b8        -       0x00000004   Zero   RW         1419    .bss.Odom           location.o
    0x202000bc        -       0x00000004   Zero   RW         1383    .bss.Position_KD    pid.o
    0x202000c0        -       0x00000004   Zero   RW         1382    .bss.Position_KI    pid.o
    0x202000c4        -       0x00000004   Zero   RW         1381    .bss.Position_KP    pid.o
    0x202000c8        -       0x00000001   Zero   RW           24    .bss.Posture_Correction_Complete_Flag  empty.o
    0x202000c9        -       0x00000001   Zero   RW           22    .bss.Posture_Correction_Flag  empty.o
    0x202000ca        -       0x00000001   Zero   RW           23    .bss.Posture_Correction_Task3_Flag  empty.o
    0x202000cb   0x00003004   0x00000001   PAD
    0x202000cc        -       0x00000004   Zero   RW           27    .bss.Posture_Correction_Times  empty.o
    0x202000d0        -       0x00000004   Zero   RW         1399    .bss.Right_count    encoder.o
    0x202000d4        -       0x00000004   Zero   RW         1402    .bss.Right_speed    encoder.o
    0x202000d8        -       0x00000004   Zero   RW         1403    .bss.Right_speed_PWM  encoder.o
    0x202000dc        -       0x00000001   Zero   RW         1421    .bss.Robot_Motion   location.o
    0x202000dd   0x00003004   0x00000003   PAD
    0x202000e0        -       0x00000004   Zero   RW         1312    .bss.Spin_Speed     motor.o
    0x202000e4        -       0x00000004   Zero   RW         1311    .bss.Straight_Speed  motor.o
    0x202000e8        -       0x00000001   Zero   RW         1308    .bss.Use_PID_Control_Flag  motor.o
    0x202000e9   0x00003004   0x00000003   PAD
    0x202000ec        -       0x00000078   Zero   RW          125    .bss.gPWM_BeepBackup  ti_msp_dl_config.o
    0x20200164        -       0x000000bc   Zero   RW          126    .bss.gTIMER_0Backup  ti_msp_dl_config.o
    0x20200220        -       0x00000078   Zero   RW          127    .bss.gTIMER_EncoderBackup  ti_msp_dl_config.o
    0x20200298        -       0x000000bc   Zero   RW          128    .bss.gTIMER_LocationBackup  ti_msp_dl_config.o
    0x20200354   0x00003004   0x00000004   PAD
    0x20200358        -       0x00000000   Zero   RW           36    HEAP                startup_mspm0g350x_uvision.o
    0x20200358        -       0x00000100   Zero   RW           35    STACK               startup_mspm0g350x_uvision.o



  Load Region LR_BCR (Base: 0x41c00000, Size: 0x00000000, Max: 0x00000100, ABSOLUTE)

    Execution Region BCR_CONFIG (Exec base: 0x41c00000, Load base: 0x41c00000, Size: 0x00000000, Max: 0x00000080, ABSOLUTE)

    **** No section assigned to this execution region ****



  Load Region LR_BSL (Base: 0x41c00100, Size: 0x00000000, Max: 0x00000100, ABSOLUTE)

    Execution Region BSL_CONFIG (Exec base: 0x41c00100, Load base: 0x41c00100, Size: 0x00000000, Max: 0x00000080, ABSOLUTE)

    **** No section assigned to this execution region ****


==============================================================================

Image component sizes


      Code (inc. data)   RO Data    RW Data    ZI Data      Debug   Object Name

        20          0          0          0          0        597   dl_common.o
       984        184          0          0          0      23379   dl_timer.o
       792         80          0         13         13       8453   empty.o
       266         44          0          4         24       4759   encoder.o
       154          4          0          0          2       3949   gpio.o
       694         20          0          0         11       4314   line_patrol.o
       724         68          0          0         14       1453   location.o
       888         28          0          0          9       7982   motor.o
       208         20          0          0         28       1120   pid.o
        44         18        192          0        256        664   startup_mspm0g350x_uvision.o
      1070         40          0          3          1       2294   task.o
      1796        188         91          0        616      26291   ti_msp_dl_config.o
        72          8          0          0          0       3338   timer.o

    ----------------------------------------------------------------------
      7714        702        324         20        996      88593   Object Totals
         0          0         32          0          0          0   (incl. Generated)
         2          0          9          0         22          0   (incl. Padding)

    ----------------------------------------------------------------------

      Code (inc. data)   RO Data    RW Data    ZI Data      Debug   Library Member Name

         8          0          0          0          0         68   __main.o
         0          0          0          0          0          0   __rtentry.o
        12          0          0          0          0          0   __rtentry2.o
         6          0          0          0          0          0   __rtentry4.o
        86         10          0          0          0          0   __scatter.o
        26          0          0          0          0          0   __scatter_copy.o
        28          0          0          0          0          0   __scatter_zi.o
        16          0          0          0          0         68   exit.o
         6          0          0          0          0        136   heapauxi.o
         0          0          0          0          0          0   indicate_semi.o
         2          0          0          0          0          0   libinit.o
         2          0          0          0          0          0   libinit2.o
         2          0          0          0          0          0   libshutdown.o
         2          0          0          0          0          0   libshutdown2.o
         8          4          0          0         96         68   libspace.o
         2          0          0          0          0          0   rtexit.o
        10          0          0          0          0          0   rtexit2.o
        12          4          0          0          0         60   sys_exit.o
        62          0          0          0          0         80   sys_stackheap_outer.o
         2          0          0          0          0         68   use_no_semi.o
        46          0          0          0          0         60   cmpret.o
       124          4          0          0          0         72   d2f.o
       856         20          0          0          0        208   daddsub.o
      1096         26        128          0          0        112   ddiv.o
        84          4          0          0          0         60   f2d.o
       348          8          0          0          0        160   faddsub.o
        48          0          0          0          0        136   fcmp.o
       100          4          0          0          0         68   fcmpin.o
       352         10         64          0          0         92   fdiv.o
        76          0          0          0          0         68   ffixi.o
        48          0          0          0          0         60   ffixui.o
        94          0          0          0          0         92   fflti.o
        84          4          0          0          0         76   fgef.o
        84          4          0          0          0         76   flef.o
       176          4          0          0          0         80   fmul.o
        16          6          0          0          0         68   fnan2.o
        94          0          0          0          0         68   retnan.o
         0          0          0          0          0          0   usenofp.o

    ----------------------------------------------------------------------
      4042        116        192          0         96       2104   Library Totals
        24          4          0          0          0          0   (incl. Padding)

    ----------------------------------------------------------------------

      Code (inc. data)   RO Data    RW Data    ZI Data      Debug   Library Name

       292         18          0          0         96        548   c_p.l
      3726         94        192          0          0       1556   fz_ps.l

    ----------------------------------------------------------------------
      4042        116        192          0         96       2104   Library Totals

    ----------------------------------------------------------------------

==============================================================================


      Code (inc. data)   RO Data    RW Data    ZI Data      Debug   

     11756        818        516         20       1092      89577   Grand Totals
     11756        818        516         20       1092      89577   ELF Image Totals
     11756        818        516         20          0          0   ROM Totals

==============================================================================

    Total RO  Size (Code + RO Data)                12272 (  11.98kB)
    Total RW  Size (RW Data + ZI Data)              1112 (   1.09kB)
    Total ROM Size (Code + RO Data + RW Data)      12292 (  12.00kB)

==============================================================================

